 bootx64

 Timestamp is 66358f51 (Fri May  3 21:28:49 2024)

 Preferred load address is 0000000180000000

 Start         Length     Name                   Class
 0001:00000000 0000fa40H .text$mn                CODE
 0001:0000fa40 000004c0H .text$mn$21             CODE
 0001:0000ff00 000026aaH .text$s                 CODE
 0002:00000000 000000d0H .idata$5                DATA
 0002:000000d0 000001b8H .rdata                  DATA
 0002:00000288 00000a60H .xdata                  DATA
 0003:00000000 00000050H .data                   DATA
 0003:00000050 00000560H .bss                    DATA
 0004:00000000 00000924H .pdata                  DATA
 0005:00000000 00000014H .idata$2                DATA
 0005:00000014 00000014H .idata$3                DATA
 0005:00000028 000000d0H .idata$4                DATA
 0005:000000f8 00000240H .idata$6                DATA

  Address         Publics by Value              Rva+Base               Lib:Object

 0000:00000000       __AbsoluteZero             0000000000000000     <absolute>
 0000:00000000       __arm64x_extra_rfe_table   0000000000000000     <absolute>
 0000:00000000       __arm64x_extra_rfe_table_size 0000000000000000     <absolute>
 0000:00000000       __arm64x_native_entrypoint 0000000000000000     <absolute>
 0000:00000000       __arm64x_redirection_metadata 0000000000000000     <absolute>
 0000:00000000       __arm64x_redirection_metadata_count 0000000000000000     <absolute>
 0000:00000000       __dynamic_value_reloc_table 0000000000000000     <absolute>
 0000:00000000       __enclave_config           0000000000000000     <absolute>
 0000:00000000       __guard_check_icall_a64n_fptr 0000000000000000     <absolute>
 0000:00000000       __guard_eh_cont_count      0000000000000000     <absolute>
 0000:00000000       __guard_eh_cont_table      0000000000000000     <absolute>
 0000:00000000       __guard_fids_count         0000000000000000     <absolute>
 0000:00000000       __guard_fids_table         0000000000000000     <absolute>
 0000:00000000       __guard_iat_count          0000000000000000     <absolute>
 0000:00000000       __guard_iat_table          0000000000000000     <absolute>
 0000:00000000       __guard_longjmp_count      0000000000000000     <absolute>
 0000:00000000       __guard_longjmp_table      0000000000000000     <absolute>
 0000:00000000       __hybrid_auxiliary_delayload_iat 0000000000000000     <absolute>
 0000:00000000       __hybrid_auxiliary_delayload_iat_copy 0000000000000000     <absolute>
 0000:00000000       __hybrid_auxiliary_iat     0000000000000000     <absolute>
 0000:00000000       __hybrid_auxiliary_iat_copy 0000000000000000     <absolute>
 0000:00000000       __hybrid_code_map          0000000000000000     <absolute>
 0000:00000000       __hybrid_code_map_count    0000000000000000     <absolute>
 0000:00000000       __hybrid_image_info_bitfield 0000000000000000     <absolute>
 0000:00000000       __volatile_metadata        0000000000000000     <absolute>
 0000:00000000       __x64_code_ranges_to_entry_points 0000000000000000     <absolute>
 0000:00000000       __x64_code_ranges_to_entry_points_count 0000000000000000     <absolute>
 0000:00000100       __guard_flags              0000000000000100     <absolute>
 0000:00000000       __ImageBase                0000000180000000     <linker-defined>
 0001:00000000       WPP_RECORDER_SF            0000000180001000 f   mouse.obj
 0001:00000001       MouseClassReadCopyData     0000000180001001 f   mouse.obj
 0001:000000db       MouseClassDequeueRead      00000001800010db f   mouse.obj
 0001:0000012e       MouseClassServiceCallback  000000018000112e f   mouse.obj
 0001:0000060c       ?get_BombPlanted@offsets@cs2@@YAHXZ 000000018000160c f   cs2.obj
 0001:00000664       ?get_MoveType@player@cs2@@YAK_K@Z 0000000180001664 f   cs2.obj
 0001:0000069c       ?get_bone_position@node@cs2@@YAH_KHPEAUvec3@@@Z 000000018000169c f   cs2.obj
 0001:00000714       ?get_client_entity@entity@cs2@@YA_KH@Z 0000000180001714 f   cs2.obj
 0001:000007a0       ?get_convar@engine@cs2@@YA_KPEBD@Z 00000001800017a0 f   cs2.obj
 0001:0000092c       ?get_crosshair_id@player@cs2@@YAK_K@Z 000000018000192c f   cs2.obj
 0001:00000964       ?get_crosshairalpha@cs2@@YAHXZ 0000000180001964 f   cs2.obj
 0001:0000099c       ?get_current_ms@engine@cs2@@YAKXZ 000000018000199c f   cs2.obj
 0001:00000a2c       ?get_dormant@node@cs2@@YAE_K@Z 0000000180001a2c f   cs2.obj
 0001:00000a64       ?get_eye_position@player@cs2@@YA?AUvec3@@_K@Z 0000000180001a64 f   cs2.obj
 0001:00000aac       ?get_flags@player@cs2@@YAK_K@Z 0000000180001aac f   cs2.obj
 0001:00000ae4       ?get_fov_multipler@player@cs2@@YAM_K@Z 0000000180001ae4 f   cs2.obj
 0001:00000b30       ?get_health@player@cs2@@YAK_K@Z 0000000180001b30 f   cs2.obj
 0001:00000b68       ?get_hwnd@sdl@cs2@@YA_K_K@Z 0000000180001b68 f   cs2.obj
 0001:00000db8       ?get_interface_function@cs2@@YA_K_KK@Z 0000000180001db8 f   cs2.obj
 0001:00000e24       ?get_life_state@player@cs2@@YAH_K@Z 0000000180001e24 f   cs2.obj
 0001:00000e5c       ?get_local_player_controller@entity@cs2@@YA_KXZ 0000000180001e5c f   cs2.obj
 0001:00000e94       ?get_node@player@cs2@@YA_K_K@Z 0000000180001e94 f   cs2.obj
 0001:00000ed0       ?get_origin@node@cs2@@YA?AUvec3@@_K@Z 0000000180001ed0 f   cs2.obj
 0001:00000f24       ?get_origin@player@cs2@@YA?AUvec3@@_K@Z 0000000180001f24 f   cs2.obj
 0001:00000f78       ?get_player@entity@cs2@@YA_K_K@Z 0000000180001f78 f   cs2.obj
 0001:00001034       ?get_sensitivity@mouse@cs2@@YAMXZ 0000000180002034 f   cs2.obj
 0001:00001080       ?get_shots_fired@player@cs2@@YAK_K@Z 0000000180002080 f   cs2.obj
 0001:000010b8       ?get_team_num@player@cs2@@YAK_K@Z 00000001800020b8 f   cs2.obj
 0001:000010f0       ?get_vec_punch@player@cs2@@YA?AUvec2@@_K@Z 00000001800020f0 f   cs2.obj
 0001:0000117c       ?get_vec_view@player@cs2@@YAM_K@Z 000000018000217c f   cs2.obj
 0001:000011cc       ?get_viewangle@player@cs2@@YA?AUvec2@@_K@Z 00000001800021cc f   cs2.obj
 0001:00001214       ?get_viewmatrix@engine@cs2@@YA?AUview_matrix_t@@XZ 0000000180002214 f   cs2.obj
 0001:00001250       ?get_weapon_class@player@cs2@@YA?AW4WEAPON_CLASS@2@_K@Z 0000000180002250 f   cs2.obj
 0001:00001400       ?get_window@sdl@cs2@@YA_KXZ 0000000180002400 f   cs2.obj
 0001:00001438       ?get_window_data@sdl@cs2@@YA_K_K@Z 0000000180002438 f   cs2.obj
 0001:00001470       ?get_window_info@sdl@cs2@@YAH_KPEAUWINDOW_INFO@2@@Z 0000000180002470 f   cs2.obj
 0001:000014cc       ?has_defuser@entity@cs2@@YAH_K@Z 00000001800024cc f   cs2.obj
 0001:000037bc       ?is_button_down@input@cs2@@YAHK@Z 00000001800047bc f   cs2.obj
 0001:00003810       ?is_defusing@player@cs2@@YAH_K@Z 0000000180004810 f   cs2.obj
 0001:0000384c       ?is_ffa@gamemode@cs2@@YAHXZ 000000018000484c f   cs2.obj
 0001:00003890       ?is_player@entity@cs2@@YAH_K@Z 0000000180004890 f   cs2.obj
 0001:000038f0       ?is_valid@player@cs2@@YAH_K0@Z 00000001800048f0 f   cs2.obj
 0001:0000394c       ?is_visible@player@cs2@@YAH_K@Z 000000018000494c f   cs2.obj
 0001:000039bc       ?running@cs2@@YAHXZ        00000001800049bc f   cs2.obj
 0001:00004080       ?get_fov@math@@YAMUvec2@@Uvec3@@@Z 0000000180005080 f i cs2features.obj
 0001:000049d8       ?qatan2@math@@YAMMM@Z      00000001800059d8 f i cs2features.obj
 0001:00004ab8       ?qcos@math@@YANN@Z         0000000180005ab8 f i cs2features.obj
 0001:00004b6c       ?qsin@math@@YANN@Z         0000000180005b6c f i cs2features.obj
 0001:00004eb0       ?reset@features@cs2@@YAXXZ 0000000180005eb0 f   cs2features.obj
 0001:00004f00       ?run@features@cs2@@YAXXZ   0000000180005f00 f   cs2features.obj
 0001:00005884       ?update_settings@features@cs2@@YAXXZ 0000000180006884 f i cs2features.obj
 0001:00005928       ?vec_angles@math@@YAXUvec3@@PEAU2@@Z 0000000180006928 f i cs2features.obj
 0001:00005a68       ?vec_atd@math@@YA?AUvec3@@U2@@Z 0000000180006a68 f i cs2features.obj
 0001:00005b28       ?vec_clamp@math@@YAXPEAUvec3@@@Z 0000000180006b28 f i cs2features.obj
 0001:00005bbc       ?vec_delta@math@@YA?AUvec3@@U2@0@Z 0000000180006bbc f i cs2features.obj
 0001:00005c88       ?vec_min_max@math@@YA_NUvec3@@000M@Z 0000000180006c88 f i cs2features.obj
 0001:00005f5c       ?world_to_screen@math@@YA_NAEBUvec2@@AEBUvec3@@AEAU3@Uview_matrix_t@@@Z 0000000180006f5c f i cs2features.obj
 0001:0000606c       ?reset@bhop@cs2@@YAXXZ     000000018000706c f   cs2_bhop_efi.obj
 0001:000060a0       ?run@bhop@cs2@@YAXXZ       00000001800070a0 f   cs2_bhop_efi.obj
 0001:000061ac       ?contains_player@teams@csgo@@YAHKHH@Z 00000001800071ac f   csgo.obj
 0001:00006c24       ?get_bone_position@player@csgo@@YAHKHPEAY123M@Z 0000000180007c24 f   csgo.obj
 0001:00006c90       ?get_button_state@input@csgo@@YAHK@Z 0000000180007c90 f   csgo.obj
 0001:00006ce0       ?get_client_entity@entity@csgo@@YAKH@Z 0000000180007ce0 f   csgo.obj
 0001:00006ee4       ?get_crosshair_id@player@csgo@@YAHK@Z 0000000180007ee4 f   csgo.obj
 0001:00006f1c       ?get_crosshairalpha@engine@csgo@@YAHXZ 0000000180007f1c f   csgo.obj
 0001:00006f28       ?get_current_tick@engine@csgo@@YAKXZ 0000000180007f28 f   csgo.obj
 0001:00006f64       ?get_dormant@player@csgo@@YAHK@Z 0000000180007f64 f   csgo.obj
 0001:00006fa8       ?get_eye_position@player@csgo@@YA?AUvec3@@K@Z 0000000180007fa8 f   csgo.obj
 0001:00007054       ?get_fov@player@csgo@@YAHK@Z 0000000180008054 f   csgo.obj
 0001:0000708c       ?get_health@player@csgo@@YAHK@Z 000000018000808c f   csgo.obj
 0001:000070c4       ?get_hwnd@input@csgo@@YAKXZ 00000001800080c4 f   csgo.obj
 0001:00007324       ?get_life_state@player@csgo@@YAHK@Z 0000000180008324 f   csgo.obj
 0001:00007368       ?get_local_player@teams@csgo@@YAKXZ 0000000180008368 f   csgo.obj
 0001:0000739c       ?get_origin@player@csgo@@YA?AUvec3@@K@Z 000000018000839c f   csgo.obj
 0001:000073d0       ?get_player@teams@csgo@@YAKKH@Z 00000001800083d0 f   csgo.obj
 0001:00007408       ?get_player_count@teams@csgo@@YAHK@Z 0000000180008408 f   csgo.obj
 0001:0000743c       ?get_player_id@player@csgo@@YAHK@Z 000000018000843c f   csgo.obj
 0001:0000746c       ?get_player_list@teams@csgo@@YAKK@Z 000000018000846c f   csgo.obj
 0001:000074a0       ?get_screen_pos@engine@csgo@@YA?AUvec2_i@@XZ 00000001800084a0 f   csgo.obj
 0001:000074d4       ?get_screen_size@engine@csgo@@YA?AUvec2_i@@XZ 00000001800084d4 f   csgo.obj
 0001:00007508       ?get_sensitivity@engine@csgo@@YAMXZ 0000000180008508 f   csgo.obj
 0001:00007548       ?get_shots_fired@player@csgo@@YAHK@Z 0000000180008548 f   csgo.obj
 0001:00007580       ?get_team@teams@csgo@@YAKKH@Z 0000000180008580 f   csgo.obj
 0001:000075b0       ?get_team_count@teams@csgo@@YAHXZ 00000001800085b0 f   csgo.obj
 0001:000075e4       ?get_team_list@teams@csgo@@YAKXZ 00000001800085e4 f   csgo.obj
 0001:00007618       ?get_team_num@player@csgo@@YAHK@Z 0000000180008618 f   csgo.obj
 0001:00007650       ?get_team_num@teams@csgo@@YAHK@Z 0000000180008650 f   csgo.obj
 0001:00007684       ?get_vec_punch@player@csgo@@YA?AUvec2@@K@Z 0000000180008684 f   csgo.obj
 0001:000076c4       ?get_viewangles@player@csgo@@YA?AUvec2@@K@Z 00000001800086c4 f   csgo.obj
 0001:00007714       ?get_viewmatrix@engine@csgo@@YA?AUview_matrix_t@@XZ 0000000180008714 f   csgo.obj
 0001:0000774c       ?get_weapon_class@player@csgo@@YA?AW4WEAPON_CLASS@2@K@Z 000000018000874c f   csgo.obj
 0001:00007d04       ?get_weapon_handle@player@csgo@@YAKK@Z 0000000180008d04 f   csgo.obj
 0001:00007d50       ?has_defuser@player@csgo@@YAHK@Z 0000000180008d50 f   csgo.obj
 0001:00008620       ?is_defusing@player@csgo@@YAHK@Z 0000000180009620 f   csgo.obj
 0001:00008658       ?is_gamemode_ffa@engine@csgo@@YAHXZ 0000000180009658 f   csgo.obj
 0001:00008664       ?is_valid@player@csgo@@YAHK@Z 0000000180009664 f   csgo.obj
 0001:000086ac       ?is_visible@player@csgo@@YAHKK@Z 00000001800096ac f   csgo.obj
 0001:0000870c       ?net_graphcolor@engine@csgo@@YAXEEEE@Z 000000018000970c f   csgo.obj
 0001:00008748       ?running@csgo@@YAHXZ       0000000180009748 f   csgo.obj
 0001:0000934c       ?reset@features@csgo@@YAXXZ 000000018000a34c f   csgofeatures.obj
 0001:00009374       ?run@features@csgo@@YAXXZ  000000018000a374 f   csgofeatures.obj
 0001:00009b6c       ?update_settings@features@csgo@@YAXXZ 000000018000ab6c f i csgofeatures.obj
 0001:0000a238       ?get_bone_position@player@apex@@YAH_KHPEAUvec3@@@Z 000000018000b238 f   apex.obj
 0001:0000a350       ?get_bullet_speed@weapon@apex@@YAM_K@Z 000000018000b350 f   apex.obj
 0001:0000a39c       ?get_camera_origin@player@apex@@YA?AUvec3@@_K@Z 000000018000b39c f   apex.obj
 0001:0000a3f4       ?get_client_entity@entity@apex@@YA_KH@Z 000000018000b3f4 f   apex.obj
 0001:0000a43c       ?get_controller_sensitivity@apex@@YAHXZ 000000018000b43c f   apex.obj
 0001:0000a454       ?get_convar@engine@apex@@YA_KPEBD@Z 000000018000b454 f   apex.obj
 0001:0000a5a4       ?get_current_tick@engine@apex@@YAHXZ 000000018000b5a4 f   apex.obj
 0001:0000a5e0       ?get_float@cvar@apex@@YAM_K@Z 000000018000b5e0 f   apex.obj
 0001:0000a624       ?get_health@player@apex@@YAH_K@Z 000000018000b624 f   apex.obj
 0001:0000a65c       ?get_hwnd@engine@apex@@YA_KXZ 000000018000b65c f   apex.obj
 0001:0000a698       ?get_int@cvar@apex@@YAH_K@Z 000000018000b698 f   apex.obj
 0001:0000a6cc       ?get_local_player@entity@apex@@YA_KXZ 000000018000b6cc f   apex.obj
 0001:0000a704       ?get_max_health@player@apex@@YAH_K@Z 000000018000b704 f   apex.obj
 0001:0000a8e0       ?get_origin@player@apex@@YA?AUvec3@@_K@Z 000000018000b8e0 f   apex.obj
 0001:0000a940       ?get_sensitivity@mouse@apex@@YAMXZ 000000018000b940 f   apex.obj
 0001:0000a94c       ?get_team_num@player@apex@@YAH_K@Z 000000018000b94c f   apex.obj
 0001:0000a984       ?get_velocity@player@apex@@YA?AUvec3@@_K@Z 000000018000b984 f   apex.obj
 0001:0000a9e4       ?get_viewangles@player@apex@@YA?AUvec2@@_K@Z 000000018000b9e4 f   apex.obj
 0001:0000aa28       ?get_viewmatrix@engine@apex@@YA?AUview_matrix_t@@XZ 000000018000ba28 f   apex.obj
 0001:0000ab1c       ?get_weapon@player@apex@@YA_K_K@Z 000000018000bb1c f   apex.obj
 0001:0000ab5c       ?get_window_info@engine@apex@@YAHPEAUWINDOW_INFO@2@@Z 000000018000bb5c f   apex.obj
 0001:0000ac04       ?get_zoom_fov@weapon@apex@@YAM_K@Z 000000018000bc04 f   apex.obj
 0001:0000b1d4       ?is_button_down@input@apex@@YAHK@Z 000000018000c1d4 f   apex.obj
 0001:0000b22c       ?is_valid@player@apex@@YAH_K@Z 000000018000c22c f   apex.obj
 0001:0000b280       ?is_zoomed_in@player@apex@@YAH_K@Z 000000018000c280 f   apex.obj
 0001:0000b2bc       ?running@apex@@YAHXZ       000000018000c2bc f   apex.obj
 0001:0000b2c4       ?CalcAngle@math@@YA?AUvec3@@U2@0@Z 000000018000c2c4 f i apexfeatures.obj
 0001:0000b9b4       ?reset@features@apex@@YAXXZ 000000018000c9b4 f   apexfeatures.obj
 0001:0000b9e8       ?run@features@apex@@YAXXZ  000000018000c9e8 f   apexfeatures.obj
 0001:0000bf3c       ?update_settings@features@apex@@YAXXZ 000000018000cf3c f i apexfeatures.obj
 0001:0000c044       ?close@vm@@YAXPEAX@Z       000000018000d044 f   vm.obj
 0001:0000c048       ?dump_module@vm@@YAPEAXPEAX_KW4VM_MODULE_TYPE@@@Z 000000018000d048 f   vm.obj
 0001:0000c050       ?dump_module@vmwin@@YAPEAXPEAX_KW4VM_MODULE_TYPE@@@Z 000000018000d050 f i vm.obj
 0001:0000c2d8       ?free_module@vm@@YAXPEAX@Z 000000018000d2d8 f   vm.obj
 0001:0000c2e8       ?get_module@vm@@YA_KPEAXPEBD@Z 000000018000d2e8 f   vm.obj
 0001:0000c2f0       ?get_module@vmwin@@YA_KPEAXPEBD@Z 000000018000d2f0 f i vm.obj
 0001:0000c510       ?get_module_export@vm@@YA_KPEAX_KPEBD@Z 000000018000d510 f   vm.obj
 0001:0000c518       ?get_module_export@vmwin@@YA_KPEAX_KPEBD@Z 000000018000d518 f   vm.obj
 0001:0000c760       ?get_target_os@vm@@YA?AW4VmOs@@XZ 000000018000d760 f   vm.obj
 0001:0000c764       ?open_process@vm@@YAPEAXPEBD@Z 000000018000d764 f   vm.obj
 0001:0000c764       ?open_process_ex@vm@@YAPEAXPEBD0@Z 000000018000d764 f   vm.obj
 0001:0000c778       ?process_exists@vm@@YAHPEBD@Z 000000018000d778 f   vm.obj
 0001:0000c850       ?read@vm@@YAHPEAX_K01@Z    000000018000d850 f   vm.obj
 0001:0000c8d4       ?read_i32w@vmwin@@YA_KPEAX_K@Z 000000018000d8d4 f i vm.obj
 0001:0000c8fc       ?read_i64@vm@@YA_KPEAX_K@Z 000000018000d8fc f i vm.obj
 0001:0000c928       ?running@vm@@YAHPEAX@Z     000000018000d928 f   vm.obj
 0001:0000c94c       ?scan_pattern@vm@@YA_KPEAXPEBD1_K@Z 000000018000d94c f   vm.obj
 0001:0000c954       ?scan_pattern@vmwin@@YA_KPEAXPEBD1_K@Z 000000018000d954 f i vm.obj
 0001:0000ca74       ?scan_pattern_direct@vm@@YA_KPEAX_KPEBD2K@Z 000000018000da74 f   vm.obj
 0001:0000ca7c       ?scan_pattern_direct@vmwin@@YA_KPEAX_KPEBD2K@Z 000000018000da7c f   vm.obj
 0001:0000cae8       ?write@vm@@YAHPEAX_K01@Z   000000018000dae8 f   vm.obj
 0001:0000cb6c       ?DrawFillRect@gdi@@YAXPEAXJJJJEEE@Z 000000018000db6c f   gdi.obj
 0001:0000cc4c       ?DrawRect@gdi@@YAXPEAXJJJJEEE@Z 000000018000dc4c f   gdi.obj
 0001:0000cd34       ?FillRect@gdi@@YA_NPEAUHDC__@@PEBUtagRECT@@PEAUHBRUSH__@@@Z 000000018000dd34 f   gdi.obj
 0001:0000cdb0       ?FrameRect@gdi@@YA_NPEAUHDC__@@PEBUtagRECT@@PEAUHBRUSH__@@H@Z 000000018000ddb0 f   gdi.obj
 0001:0000ced8       ?GetModuleEntry@@YA_KPEBG@Z 000000018000ded8 f   gdi.obj
 0001:0000cf38       ?GetProcAddressQ@@YA_K_KPEBD@Z 000000018000df38 f   gdi.obj
 0001:0000cfd8       ?init@gdi@@YAHXZ           000000018000dfd8 f   gdi.obj
 0001:0000d180       ?DrawFillRect@client@@YAXPEAXHHHHEEE@Z 000000018000e180 f   kernel.obj
 0001:0000d188       ?DrawRect@client@@YAXPEAXHHHHEEE@Z 000000018000e188 f   kernel.obj
 0001:0000d190       ?GetReadFile@km@@YA_KXZ    000000018000e190 f   kernel.obj
 0001:0000d1d0       ?IopReadFileHook@km@@YAJ_J0H000H0000000@Z 000000018000e1d0 f   kernel.obj
 0001:0000d3f0       ?PsGetThreadWin32ThreadHook@km@@YA_K_K@Z 000000018000e3f0 f   kernel.obj
 0001:0000d550       ?hook@km@@YA?AUFILE_PATCH@1@_K000PEA_K@Z 000000018000e550 f   kernel.obj
 0001:0000d644       ?initialize@km@@YAE_K00@Z  000000018000e644 f   kernel.obj
 0001:0000d804       ?key_down@client@@YAXXZ    000000018000e804 f   kernel.obj
 0001:0000d814       ?key_up@client@@YAXXZ      000000018000e814 f   kernel.obj
 0001:0000d824       ?memcpy_impl@km@@YAHPEAXPEBX_K@Z 000000018000e824 f   kernel.obj
 0001:0000d85c       ?mouse1_down@client@@YAXXZ 000000018000e85c f   kernel.obj
 0001:0000d86c       ?mouse1_up@client@@YAXXZ   000000018000e86c f   kernel.obj
 0001:0000d87c       ?mouse_move@client@@YAXHH@Z 000000018000e87c f   kernel.obj
 0001:0000dad4       ?PressAnyKey@@YAXXZ        000000018000ead4 f i main_compatibility.obj
 0001:0000ee08       ?RtlFindExportedRoutineByName@@YA_K_KPEBD@Z 000000018000fe08 f   main_compatibility.obj
 0001:0000efd0       AllocatePagesHook          000000018000ffd0 f   main_compatibility.obj
 0001:0000f0ac       EfiMain                    00000001800100ac f   main_compatibility.obj
 0001:0000f304       ExitBootServicesHook       0000000180010304 f   main_compatibility.obj
 0001:0000f458       GetMemoryMapHook           0000000180010458 f   main_compatibility.obj
 0001:0000f4fc       ?FindPattern@@YA_K_KPEAE1@Z 00000001800104fc f   utils.obj
 0001:0000f5b4       ?FindPatternEx@@YAPEAXPEAE_K00@Z 00000001800105b4 f   utils.obj
 0001:0000f63c       ?GetExportByName@@YA_K_KPEBD@Z 000000018001063c f   utils.obj
 0001:0000f704       ?MemCopy@@YAXPEAX0_K@Z     0000000180010704 f   utils.obj
 0001:0000f71c       ?SwapMemory2@@YAX_K0@Z     000000018001071c f   utils.obj
 0001:0000f730       ?SwapMemory@@YAX_K00@Z     0000000180010730 f   utils.obj
 0001:0000f760       ?calculate_checksum@@YAKPEAXK@Z 0000000180010760 f   utils.obj
 0001:0000f7e0       ?get_caller_base@@YA_K_K@Z 00000001800107e0 f   utils.obj
 0001:0000f800       ?get_checksum_off@@YAK_K@Z 0000000180010800 f   utils.obj
 0001:0000f808       ?get_file_offset@@YAK_K0@Z 0000000180010808 f   utils.obj
 0001:0000f870       ?pe_clear_headers@@YAX_K@Z 0000000180010870 f   utils.obj
 0001:0000f894       ?pe_resolve_imports@@YAH_K0@Z 0000000180010894 f   utils.obj
 0001:0000f938       ?set_checksum@@YAX_KK@Z    0000000180010938 f   utils.obj
 0001:0000f944       ?strcmp_imp@@YAHPEBD0@Z    0000000180010944 f   utils.obj
 0001:0000f970       wcsstr                     0000000180010970 f   ntoskrnl:ntoskrnl.exe
 0001:0000f978       __cpu_features_init        0000000180010978 f   ntoskrnl:cpuinfo.obj
 0001:0000fa40       memcpy                     0000000180010a40 f   ntoskrnl:memcpy.obj
 0001:0000fa40       memmove                    0000000180010a40 f   ntoskrnl:memcpy.obj
 0001:0000fd00       memset                     0000000180010d00 f   ntoskrnl:memset.obj
 0001:0000fd00       memset_$fo_default$        0000000180010d00     ntoskrnl:memset.obj
 0001:0000fe40       __memset_repmovs           0000000180010e40 f   ntoskrnl:memset.obj
 0001:0000fec0       __memset_query             0000000180010ec0 f   ntoskrnl:memset.obj
 0001:0000ff00       ??_C@_07GAOKNLIA@cs2?4exe@FNODOBFM@ 0000000180010f00     cs2.obj
 0001:0000ff10       ??_C@_03EMOPPKHG@cs2@FNODOBFM@ 0000000180010f10     cs2.obj
 0001:0000ff20       ??_C@_0L@PHFEFMEF@client?4dll@FNODOBFM@ 0000000180010f20     cs2.obj
 0001:0000ff30       ??_C@_0N@IFLPOHOA@libclient?4so@FNODOBFM@ 0000000180010f30     cs2.obj
 0001:0000ff40       ??_C@_0M@OCOPCHPD@engine2?4dll@FNODOBFM@ 0000000180010f40     cs2.obj
 0001:0000ff50       ??_C@_0O@HAAGNIIC@libengine2?4so@FNODOBFM@ 0000000180010f50     cs2.obj
 0001:0000ff60       ??_C@_08LMILNHCF@SDL3?4dll@FNODOBFM@ 0000000180010f60     cs2.obj
 0001:0000ff70       ??_C@_0N@OCGBOAIA@libSDL3?4so?40@FNODOBFM@ 0000000180010f70     cs2.obj
 0001:0000ff80       ??_C@_09LGKBAKDK@tier0?4dll@FNODOBFM@ 0000000180010f80     cs2.obj
 0001:0000ff90       ??_C@_0M@PPGIEDMC@libtier0?4so@FNODOBFM@ 0000000180010f90     cs2.obj
 0001:0000ffa0       ??_C@_0BA@JBLHMOPO@inputsystem?4dll@FNODOBFM@ 0000000180010fa0     cs2.obj
 0001:0000ffb0       ??_C@_0BC@ECKKKEMM@libinputsystem?4so@FNODOBFM@ 0000000180010fb0     cs2.obj
 0001:0000ffd0       ??_C@_04ODPAOBIJ@xxxx@FNODOBFM@ 0000000180010fd0     cs2.obj
 0001:0000ffe0       ??_C@_04MHKCOPAE@?s?$AP?$BA?$AN@FNODOBFM@ 0000000180010fe0     cs2.obj
 0001:0000fff0       ??_C@_0BM@PKCAIGFC@GameResourceServiceClientV0@FNODOBFM@ 0000000180010ff0     cs2.obj
 0001:00010010       ??_C@_0BF@JHCPPKDJ@SDL_GetKeyboardFocus@FNODOBFM@ 0000000180011010     cs2.obj
 0001:00010030       ??_C@_0BC@LJFOIEBJ@SDL_GetMouseState@FNODOBFM@ 0000000180011030     cs2.obj
 0001:00010050       ??_C@_0N@NIGFKCDE@VEngineCvar0@FNODOBFM@ 0000000180011050     cs2.obj
 0001:00010060       ??_C@_0BE@GLOFDLNI@InputSystemVersion0@FNODOBFM@ 0000000180011060     cs2.obj
 0001:00010080       ??_C@_0N@CBDBHGDD@xxx?$DP?$DP?$DP?$DPxxxxx@FNODOBFM@ 0000000180011080     cs2.obj
 0001:00010090       ??_C@_0N@JKBENEDK@H?$ID?$DN?$AA?$AA?$AA?$AA?$AA?$AP?$JF?$MA?C@FNODOBFM@ 0000000180011090     cs2.obj
 0001:000100a0       ??_C@_0P@DOHOHNFG@Source2Client0@FNODOBFM@ 00000001800110a0     cs2.obj
 0001:000100b0       ??_C@_0L@ODBCCLKK@xxxxxxxxxx@FNODOBFM@ 00000001800110b0     cs2.obj
 0001:000100c0       ??_C@_0L@CBHJOKID@Hc?FH?A?$OA?$AGH?$AD?$AF@FNODOBFM@ 00000001800110c0     cs2.obj
 0001:000100d0       ??_C@_0N@DKLBBBNJ@xxxxxx?$DP?$DP?$DP?$DPxx@FNODOBFM@ 00000001800110d0     cs2.obj
 0001:000100e0       ??_C@_0N@JMBGFPBI@Hc?BH?$IN?$AN?$AA?$AA?$AA?$AAH?A@FNODOBFM@ 00000001800110e0     cs2.obj
 0001:000100f0       ??_C@_0M@JFLMCFNC@sensitivity@FNODOBFM@ 00000001800110f0     cs2.obj
 0001:00010100       ??_C@_0BJ@COACFKBJ@mp_teammates_are_enemies@FNODOBFM@ 0000000180011100     cs2.obj
 0001:00010120       ??_C@_0BC@IDDOAIMO@cl_crosshairalpha@FNODOBFM@ 0000000180011120     cs2.obj
 0001:00010140       ??_C@_0P@EMLNDDMK@MNetworkEnable@FNODOBFM@ 0000000180011140     cs2.obj
 0001:00010150       ??_C@_09FOIALPOM@m_iHealth@FNODOBFM@ 0000000180011150     cs2.obj
 0001:00010160       ??_C@_0BF@OEEEMJJF@m_entitySpottedState@FNODOBFM@ 0000000180011160     cs2.obj
 0001:00010180       ??_C@_0L@FMFDKOOG@m_bSpotted@FNODOBFM@ 0000000180011180     cs2.obj
 0001:00010190       ??_C@_0BB@LPOKPOFC@m_bSpottedByMask@FNODOBFM@ 0000000180011190     cs2.obj
 0001:000101b0       ??_C@_08JPGJABNM@m_fFlags@FNODOBFM@ 00000001800111b0     cs2.obj
 0001:000101c0       ??_C@_0L@CBGPBEPJ@m_MoveType@FNODOBFM@ 00000001800111c0     cs2.obj
 0001:000101d0       ??_C@_0N@LLONLAGH@m_bInBuyZone@FNODOBFM@ 00000001800111d0     cs2.obj
 0001:000101e0       ??_C@_0BB@HJKOABKG@m_bIsBuyMenuOpen@FNODOBFM@ 00000001800111e0     cs2.obj
 0001:00010200       ??_C@_0L@OEKNBODE@m_iTeamNum@FNODOBFM@ 0000000180011200     cs2.obj
 0001:00010210       ??_C@_07PBEAOGME@m_hPawn@FNODOBFM@ 0000000180011210     cs2.obj
 0001:00010220       ??_C@_0M@GDCAJHLF@m_lifeState@FNODOBFM@ 0000000180011220     cs2.obj
 0001:00010230       ??_C@_0BA@KMCCMGFD@m_vecViewOffset@FNODOBFM@ 0000000180011230     cs2.obj
 0001:00010240       ??_C@_0BA@JHBGJIGI@m_aimPunchCache@FNODOBFM@ 0000000180011240     cs2.obj
 0001:00010250       ??_C@_0O@BINGBKKN@m_iShotsFired@FNODOBFM@ 0000000180011250     cs2.obj
 0001:00010260       ??_C@_0BJ@MMMALMGC@m_flFOVSensitivityAdjust@FNODOBFM@ 0000000180011260     cs2.obj
 0001:00010280       ??_C@_0BB@IIGPPMBN@m_pGameSceneNode@FNODOBFM@ 0000000180011280     cs2.obj
 0001:000102a0       ??_C@_0L@EIFDMEFI@m_bDormant@FNODOBFM@ 00000001800112a0     cs2.obj
 0001:000102b0       ??_C@_0N@NHCFOJFK@m_modelState@FNODOBFM@ 00000001800112b0     cs2.obj
 0001:000102c0       ??_C@_0M@BAFECOKC@m_vecOrigin@FNODOBFM@ 00000001800112c0     cs2.obj
 0001:000102d0       ??_C@_0O@OOJOEFDH@m_iIDEntIndex@FNODOBFM@ 00000001800112d0     cs2.obj
 0001:000102e0       ??_C@_0N@BKGJBLBG@m_vOldOrigin@FNODOBFM@ 00000001800112e0     cs2.obj
 0001:000102f0       ??_C@_0BC@FLHJOGFG@m_pClippingWeapon@FNODOBFM@ 00000001800112f0     cs2.obj
 0001:00010310       ??_C@_07DPGDFGBA@v_angle@FNODOBFM@ 0000000180011310     cs2.obj
 0001:00010320       ??_C@_05LDKNOBJL@?4data@FNODOBFM@ 0000000180011320     cs2.obj
 0001:00010330       ??_C@_0O@HHNOFAMN@m_bIsDefusing@FNODOBFM@ 0000000180011330     cs2.obj
 0001:00010340       ??_C@_0BC@NIGEGIC@m_bPawnHasDefuser@FNODOBFM@ 0000000180011340     cs2.obj
 0001:00010360       ??_C@_0BA@MIGFFMNM@m_hActiveWeapon@FNODOBFM@ 0000000180011360     cs2.obj
 0001:00010370       ??_C@_0BC@LLFLAHKP@m_pWeaponServices@FNODOBFM@ 0000000180011370     cs2.obj
 0001:00010390       ??_C@_0BH@ELLICC@m_sSanitizedPlayerName@FNODOBFM@ 0000000180011390     cs2.obj
 0001:000103b0       ??_C@_0BA@OBHPCBFP@CreateInterface@FNODOBFM@ 00000001800113b0     cs2.obj
 0001:000103c0       ??_C@_05BIPCPIBA@knife@FNODOBFM@ 00000001800113c0     csgo.obj
 0001:000103d0       ??_C@_07NFBHKFPC@knife_t@FNODOBFM@ 00000001800113d0     csgo.obj
 0001:000103e0       ??_C@_07JOIAFAEI@knifegg@FNODOBFM@ 00000001800113e0     csgo.obj
 0001:000103f0       ??_C@_09MDJNEEPL@hegrenade@FNODOBFM@ 00000001800113f0     csgo.obj
 0001:00010400       ??_C@_09FHCANJKL@flashbang@FNODOBFM@ 0000000180011400     csgo.obj
 0001:00010410       ??_C@_0N@LGLLMOFO@smokegrenade@FNODOBFM@ 0000000180011410     csgo.obj
 0001:00010420       ??_C@_05BIGPPNGC@decoy@FNODOBFM@ 0000000180011420     csgo.obj
 0001:00010430       ??_C@_07BGCKODOL@molotov@FNODOBFM@ 0000000180011430     csgo.obj
 0001:00010440       ??_C@_0L@BOANDMBB@incgrenade@FNODOBFM@ 0000000180011440     csgo.obj
 0001:00010450       ??_C@_02PBAFKAGD@c4@FNODOBFM@ 0000000180011450     csgo.obj
 0001:00010460       ??_C@_05OIPMCNPN@ssg08@FNODOBFM@ 0000000180011460     csgo.obj
 0001:00010470       ??_C@_07MLKHEOGC@hkp2000@FNODOBFM@ 0000000180011470     csgo.obj
 0001:00010480       ??_C@_06BOLHOKHP@deagle@FNODOBFM@ 0000000180011480     csgo.obj
 0001:00010490       ??_C@_04GHMLMJIP@p250@FNODOBFM@ 0000000180011490     csgo.obj
 0001:000104a0       ??_C@_05EHJKLNBO@elite@FNODOBFM@ 00000001800114a0     csgo.obj
 0001:000104b0       ??_C@_09KEKPBIOE@fiveseven@FNODOBFM@ 00000001800114b0     csgo.obj
 0001:000104c0       ??_C@_05KINDNLLC@glock@FNODOBFM@ 00000001800114c0     csgo.obj
 0001:000104d0       ??_C@_04HNGCLBBP@tec9@FNODOBFM@ 00000001800114d0     csgo.obj
 0001:000104e0       ??_C@_03CDKALHKG@awp@FNODOBFM@ 00000001800114e0     csgo.obj
 0001:000104f0       ??_C@_06KMLOKGCE@scar20@FNODOBFM@ 00000001800114f0     csgo.obj
 0001:00010500       ??_C@_05EPACHGIN@g3sg1@FNODOBFM@ 0000000180011500     csgo.obj
 0001:00010510       ??_C@_08NJBFDPPJ@csgo?4exe@FNODOBFM@ 0000000180011510     csgo.obj
 0001:00010520       ??_C@_0N@NFPMGNKA@5EClient?4exe@FNODOBFM@ 0000000180011520     csgo.obj
 0001:00010530       ??_C@_0M@LANJDPCC@5EArena?4exe@FNODOBFM@ 0000000180011530     csgo.obj
 0001:00010540       ??_C@_0L@EMPDFJNI@engine?4dll@FNODOBFM@ 0000000180011540     csgo.obj
 0001:00010550       ??_C@_0M@EINGCJHB@vstdlib?4dll@FNODOBFM@ 0000000180011550     csgo.obj
 0001:00010560       ??_C@_0BK@JLAGAIAD@net_graphproportionalfont@FNODOBFM@ 0000000180011560     csgo.obj
 0001:00010580       ??_C@_0L@IHHDNJLO@x?$DP?$DP?$DP?$DPxxxxx@FNODOBFM@ 0000000180011580     csgo.obj
 0001:00010590       ??_C@_0L@GKHMNOFG@?h?$AA?$AA?$AA?$AA?$IF?$MAt?$BB_@FNODOBFM@ 0000000180011590     csgo.obj
 0001:000105a0       ??_C@_04HNDJPKAN@?$DP?$PP?$DP?h@FNODOBFM@ 00000001800115a0     csgo.obj
 0001:000105b0       ??_C@_05HDGBDIJL@xxxxx@FNODOBFM@ 00000001800115b0     csgo.obj
 0001:000105c0       ??_C@_05LJBLPIID@?$IKG?$BC?$IL?$AN@FNODOBFM@ 00000001800115c0     csgo.obj
 0001:000105d0       ??_C@_0M@LFGHFJDH@xx?$DP?$DP?$DP?$DPxxxxx@FNODOBFM@ 00000001800115d0     csgo.obj
 0001:000105e0       ??_C@_0M@EKCNMLPE@?$IL?$AN?$AA?$AA?$AA?$AA?$APW?$MA?GE@FNODOBFM@ 00000001800115e0     csgo.obj
 0001:000105f0       ??_C@_0BB@OPLIJHEH@xx?$DP?$DP?$DP?$DP?$DPxx?$DP?$DP?$DP?$DP?$DPxx@FNODOBFM@ 00000001800115f0     csgo.obj
 0001:00010610       ??_C@_0BB@MCHJLAFP@?F?$AF?$AA?$AA?$AA?$AA?$AA?F?$AF?$AA?$AA?$AA?$AA?$AA?$IL?$BG@FNODOBFM@ 0000000180011610     csgo.obj
 0001:00010630       ??_C@_09CFKEJFJP@x?$DP?$DP?$DP?$DPxxxx@FNODOBFM@ 0000000180011630     csgo.obj
 0001:00010640       ??_C@_09POKECHOI@?$KB?$AA?$AA?$AA?$AA?$ADD$?$AI@FNODOBFM@ 0000000180011640     csgo.obj
 0001:00010650       ??_C@_0P@PBMMBPNN@Gamers?5Club?5AC@FNODOBFM@ 0000000180011650     csgo.obj
 0001:00010660       ??_C@_0L@JMPDLOFE@xxxx?$DP?$DP?$DP?$DPxx@FNODOBFM@ 0000000180011660     csgo.obj
 0001:00010670       ??_C@_0L@KGDCJMIO@?$AA?$AP?$BB?$AF?$AA?$AA?$AA?$AA?s?$AP@FNODOBFM@ 0000000180011670     csgo.obj
 0001:00010680       ??_C@_0P@NJKDGNMH@VEngineClient0@FNODOBFM@ 0000000180011680     csgo.obj
 0001:00010690       ??_C@_0M@EDKFCHIB@?$IL5?$AA?$AA?$AA?$AAW?$IF?vt8@FNODOBFM@ 0000000180011690     csgo.obj
 0001:000106a0       ??_C@_0O@KNDKHNCF@DT_BasePlayer@FNODOBFM@ 00000001800116a0     csgo.obj
 0001:000106b0       ??_C@_0O@NDBNDAKG@DT_BaseEntity@FNODOBFM@ 00000001800116b0     csgo.obj
 0001:000106c0       ??_C@_0M@LGBCIIFJ@DT_CSPlayer@FNODOBFM@ 00000001800116c0     csgo.obj
 0001:000106d0       ??_C@_0BB@POPPCPOC@DT_BaseAnimating@FNODOBFM@ 00000001800116d0     csgo.obj
 0001:000106f0       ??_C@_0BD@BBEIOPED@m_vecViewOffset?$FL0?$FN@FNODOBFM@ 00000001800116f0     csgo.obj
 0001:00010710       ??_C@_07MOJIPLHI@m_Local@FNODOBFM@ 0000000180011710     csgo.obj
 0001:00010720       ??_C@_06MIFAJFHE@m_iFOV@FNODOBFM@ 0000000180011720     csgo.obj
 0001:00010730       ??_C@_0M@MBFMJJPI@m_nTickBase@FNODOBFM@ 0000000180011730     csgo.obj
 0001:00010740       ??_C@_0O@NFCJDAAN@m_bHasDefuser@FNODOBFM@ 0000000180011740     csgo.obj
 0001:00010750       ??_C@_0M@MKLEPEA@m_nSequence@FNODOBFM@ 0000000180011750     csgo.obj
 0001:00010760       ??_C@_0L@FFDKDEJK@r5apex?4exe@FNODOBFM@ 0000000180011760     apex.obj
 0001:00010770       ??_C@_07HLDFCDI@xxxxxxx@FNODOBFM@ 0000000180011770     apex.obj
 0001:00010780       ??_C@_07JJDCDDHP@H?$APD?NH?$IJ?$AF@FNODOBFM@ 0000000180011780     apex.obj
 0001:00010790       ??_C@_0BE@KGAFLOFN@xxxx?$DP?$DPxxxxxx?$DP?$DPxxxxx@FNODOBFM@ 0000000180011790     apex.obj
 0001:000107b0       ??_C@_0BE@IPKACCDO@?s?$AP?$BA?$IL?$AA?$AA?$AA?$AA?s?$AP?$BA?$ID?$AA?$AA?$AA?$AAH?$IL?$AF@FNODOBFM@ 00000001800117b0     apex.obj
 0001:000107d0       ??_C@_0N@BPCKLKKJ@xxxxx?$DP?$DP?$DP?$DPxxx@FNODOBFM@ 00000001800117d0     apex.obj
 0001:000107e0       ??_C@_0N@DCIFFJGD@tDH?$IL?$JD?$AA?$AA?$AA?$AAH?$IF?R@FNODOBFM@ 00000001800117e0     apex.obj
 0001:000107f0       ??_C@_09FABPNEHI@xxx?$DP?$DP?$DP?$DPxx@FNODOBFM@ 00000001800117f0     apex.obj
 0001:00010800       ??_C@_09CMGDMMII@L?$IL?$BF?$AA?$AA?$AA?$AA3?v@FNODOBFM@ 0000000180011800     apex.obj
 0001:00010810       ??_C@_0N@OMCCKKCG@H?$IJ?$AF?$AA?$AA?$AA?$AAH?$IF?It?$AN@FNODOBFM@ 0000000180011810     apex.obj
 0001:00010820       ??_C@_08MPODPIDC@xxxxxxxx@FNODOBFM@ 0000000180011820     apex.obj
 0001:00010830       ??_C@_08LKEAIHEF@L?$IL?X?k?$AHL?$IL?$BN@FNODOBFM@ 0000000180011830     apex.obj
 0001:00010840       ??_C@_0BG@HJDKBJBE@xxxxxxxxx?$DP?$DP?$DP?$DPxxxxxxxx@FNODOBFM@ 0000000180011840     apex.obj
 0001:00010860       ??_C@_0BG@CPNNOOJI@?$EASH?$ID?l?5H?$IL?$AN?$AA?$AA?$AA?$AAH?$IL?Z?$LK?$PP?$PP?$PP?$PP@FNODOBFM@ 0000000180011860     apex.obj
 0001:00010880       ??_C@_0L@LJGIBFCE@xxx?$DP?$DP?$DP?$DPxxx@FNODOBFM@ 0000000180011880     apex.obj
 0001:00010890       ??_C@_0L@NOGECOFH@L?$IJ?$LD?$AA?$AA?$AA?$AAH?$IJ?$KL@FNODOBFM@ 0000000180011890     apex.obj
 0001:000108a0       ??_C@_0M@FKJOOOGP@xxxxxx?$DP?$DP?$DP?$DPx@FNODOBFM@ 00000001800118a0     apex.obj
 0001:000108b0       ??_C@_0M@PBMHGMPO@H?$IL?y?$AP?4?$IJ?$AA?$AA?$AA?$AAz@FNODOBFM@ 00000001800118b0     apex.obj
 0001:000108c0       ??_C@_0L@OJEIPPLD@xx?$DP?$DP?$DP?$DPxxxx@FNODOBFM@ 00000001800118c0     apex.obj
 0001:000108d0       ??_C@_0L@JGHGFMPL@?$IJ?$AF?L?L?L?L2?$MA?$IJ?$AN@FNODOBFM@ 00000001800118d0     apex.obj
 0001:000108e0       ??_C@_0BC@LMOPJCEK@mouse_sensitivity@FNODOBFM@ 00000001800118e0     apex.obj
 0001:00010900       ??_C@_0BC@LFGPNPAK@gamepad_aim_speed@FNODOBFM@ 0000000180011900     apex.obj
 0001:00010920       ??_C@_09JFAPEEIB@DT_Player@FNODOBFM@ 0000000180011920     apex.obj
 0001:00010930       ??_C@_0N@IHGIGPNN@m_iMaxHealth@FNODOBFM@ 0000000180011930     apex.obj
 0001:00010940       ??_C@_0BD@BKMINDM@m_ammoPoolCapacity@FNODOBFM@ 0000000180011940     apex.obj
 0001:00010960       ??_C@_0L@DKHBJPHJ@m_bZooming@FNODOBFM@ 0000000180011960     apex.obj
 0001:00010970       ??_C@_0BE@KBNMPKLH@m_zoomFullStartTime@FNODOBFM@ 0000000180011970     apex.obj
 0001:00010990       ??_C@_07BHIJODOP@m_iName@FNODOBFM@ 0000000180011990     apex.obj
 0001:000109a0       ??_C@_0BH@EFEKCINC@DT_BaseCombatCharacter@FNODOBFM@ 00000001800119a0     apex.obj
 0001:000109c0       ??_C@_0BH@CIGLPLP@m_latestPrimaryWeapons@FNODOBFM@ 00000001800119c0     apex.obj
 0001:000109e0       ??_C@_0N@PCMAIJEE@m_nForceBone@FNODOBFM@ 00000001800119e0     apex.obj
 0001:000109f0       ??_C@_0L@IEPPGF@DT_WeaponX@FNODOBFM@ 00000001800119f0     apex.obj
 0001:00010a00       ??_C@_0N@KENGFEHM@m_playerData@FNODOBFM@ 0000000180011a00     apex.obj
 0001:00010a10       ??_C@_1BO@LMGJKJH@?$AAw?$AAi?$AAn?$AA3?$AA2?$AAk?$AAb?$AAa?$AAs?$AAe?$AA?4?$AAs?$AAy?$AAs@FNODOBFM@ 0000000180011a10     gdi.obj
 0001:00010a30       ??_C@_1BO@JPPHINID@?$AAw?$AAi?$AAn?$AA3?$AA2?$AAk?$AAf?$AAu?$AAl?$AAl?$AA?4?$AAs?$AAy?$AAs@FNODOBFM@ 0000000180011a30     gdi.obj
 0001:00010a50       ??_C@_0BK@CKGKDPLE@NtUserGetForegroundWindow@FNODOBFM@ 0000000180011a50     gdi.obj
 0001:00010a70       ??_C@_0M@GNHJGNDG@NtUserGetDC@FNODOBFM@ 0000000180011a70     gdi.obj
 0001:00010a80       ??_C@_0O@CLKIFNDM@NtUserGetDCEx@FNODOBFM@ 0000000180011a80     gdi.obj
 0001:00010a90       ??_C@_0M@HGGCGGKJ@NtGdiPatBlt@FNODOBFM@ 0000000180011a90     gdi.obj
 0001:00010aa0       ??_C@_0P@PGPBCIOJ@GreSelectBrush@FNODOBFM@ 0000000180011aa0     gdi.obj
 0001:00010ab0       ??_C@_0BA@LILHCIH@NtUserReleaseDC@FNODOBFM@ 0000000180011ab0     gdi.obj
 0001:00010ac0       ??_C@_0BG@HEAJCEDJ@NtGdiCreateSolidBrush@FNODOBFM@ 0000000180011ac0     gdi.obj
 0001:00010ae0       ??_C@_0BF@IGOEOJCE@NtGdiDeleteObjectApp@FNODOBFM@ 0000000180011ae0     gdi.obj
 0001:00010b00       ??_C@_0BB@KHIKGFPO@NtGdiExtTextOutW@FNODOBFM@ 0000000180011b00     gdi.obj
 0001:00010b20       ??_C@_0M@CEHBBBKH@hfontCreate@FNODOBFM@ 0000000180011b20     gdi.obj
 0001:00010b30       ??_C@_0BA@KNJCBBOB@NtGdiSelectFont@FNODOBFM@ 0000000180011b30     gdi.obj
 0001:00010b40       ??_C@_0BC@CBFFAFNP@NtUserPeekMessage@FNODOBFM@ 0000000180011b40     kernel.obj
 0001:00010b60       ??_C@_1BC@GALEDCNF@?$AAn?$AAt?$AAo?$AAs?$AAk?$AAr?$AAn?$AAl@FNODOBFM@ 0000000180011b60     kernel.obj
 0001:00010b80       ??_C@_0BB@FOFPHJPM@xxxx?$DPxxxx?$DPxxxxxx@FNODOBFM@ 0000000180011b80     kernel.obj
 0001:00010ba0       ??_C@_0BB@MMIFNANM@H?$IJ?2$?$AAH?$IJL$?$AAWH?$ID?l?5A@FNODOBFM@ 0000000180011ba0     kernel.obj
 0001:00010bc0       ??_C@_1CC@BLEFHADO@?$AA?2?$AAD?$AAr?$AAi?$AAv?$AAe?$AAr?$AA?2?$AAM?$AAo?$AAu?$AAC?$AAl?$AAa?$AAs@FNODOBFM@ 0000000180011bc0     kernel.obj
 0001:00010bf0       ??_C@_1BO@OJMKCPO@?$AA?2?$AAD?$AAr?$AAi?$AAv?$AAe?$AAr?$AA?2?$AAM?$AAo?$AAu?$AAH?$AAI?$AAD@FNODOBFM@ 0000000180011bf0     kernel.obj
 0001:00010c10       ??_C@_1CC@LHCNAOCL@?$AA?$FL?$AAb?$AAo?$AAo?$AAt?$AAx?$AA6?$AA4?$AA?4?$AAe?$AAf?$AAi?$AA?$FN?$AA?5?$AA?6@FNODOBFM@ 0000000180011c10     main_compatibility.obj
 0001:00010c40       ??_C@_1PA@ELOPOMEL@?$AA?$FL?$AAb?$AAo?$AAo?$AAt?$AAx?$AA6?$AA4?$AA?4?$AAe?$AAf?$AAi?$AA?$FN?$AA?5?$AA?5@FNODOBFM@ 0000000180011c40     main_compatibility.obj
 0001:00010d30       ??_C@_1PA@DLKDBKJF@?$AA?$FL?$AAb?$AAo?$AAo?$AAt?$AAx?$AA6?$AA4?$AA?4?$AAe?$AAf?$AAi?$AA?$FN?$AA?5?$AA?$HM@FNODOBFM@ 0000000180011d30     main_compatibility.obj
 0001:00010e20       ??_C@_1PA@CLLIENBI@?$AA?$FL?$AAb?$AAo?$AAo?$AAt?$AAx?$AA6?$AA4?$AA?4?$AAe?$AAf?$AAi?$AA?$FN?$AA?5?$AA?$HM@FNODOBFM@ 0000000180011e20     main_compatibility.obj
 0001:00010f10       ??_C@_1PA@DKDDOODA@?$AA?$FL?$AAb?$AAo?$AAo?$AAt?$AAx?$AA6?$AA4?$AA?4?$AAe?$AAf?$AAi?$AA?$FN?$AA?5?$AA?$HM@FNODOBFM@ 0000000180011f10     main_compatibility.obj
 0001:00011000       ??_C@_1PA@MADNPFNA@?$AA?$FL?$AAb?$AAo?$AAo?$AAt?$AAx?$AA6?$AA4?$AA?4?$AAe?$AAf?$AAi?$AA?$FN?$AA?5?$AA?$HM@FNODOBFM@ 0000000180012000     main_compatibility.obj
 0001:000110f0       ??_C@_1PA@LINGPFML@?$AA?$FL?$AAb?$AAo?$AAo?$AAt?$AAx?$AA6?$AA4?$AA?4?$AAe?$AAf?$AAi?$AA?$FN?$AA?5?$AA?$HM@FNODOBFM@ 00000001800120f0     main_compatibility.obj
 0001:000111e0       ??_C@_1PA@MNKAPMEI@?$AA?$FL?$AAb?$AAo?$AAo?$AAt?$AAx?$AA6?$AA4?$AA?4?$AAe?$AAf?$AAi?$AA?$FN?$AA?5?$AA?$HM@FNODOBFM@ 00000001800121e0     main_compatibility.obj
 0001:000112d0       ??_C@_1PA@OECHBPIH@?$AA?$FL?$AAb?$AAo?$AAo?$AAt?$AAx?$AA6?$AA4?$AA?4?$AAe?$AAf?$AAi?$AA?$FN?$AA?5?$AA?$HM@FNODOBFM@ 00000001800122d0     main_compatibility.obj
 0001:000113c0       ??_C@_1PA@PAMFJOLC@?$AA?$FL?$AAb?$AAo?$AAo?$AAt?$AAx?$AA6?$AA4?$AA?4?$AAe?$AAf?$AAi?$AA?$FN?$AA?5?$AA?5@FNODOBFM@ 00000001800123c0     main_compatibility.obj
 0001:000114b0       ??_C@_1PA@CCMLFNAG@?$AA?$FL?$AAb?$AAo?$AAo?$AAt?$AAx?$AA6?$AA4?$AA?4?$AAe?$AAf?$AAi?$AA?$FN?$AA?5?$AA?5@FNODOBFM@ 00000001800124b0     main_compatibility.obj
 0001:000115a0       ??_C@_1PA@IIDEPEKP@?$AA?$FL?$AAb?$AAo?$AAo?$AAt?$AAx?$AA6?$AA4?$AA?4?$AAe?$AAf?$AAi?$AA?$FN?$AA?5?$AA?$HM@FNODOBFM@ 00000001800125a0     main_compatibility.obj
 0001:00011690       ??_C@_1PA@ODKOLOL@?$AA?$FL?$AAb?$AAo?$AAo?$AAt?$AAx?$AA6?$AA4?$AA?4?$AAe?$AAf?$AAi?$AA?$FN?$AA?5?$AA?$HM@FNODOBFM@ 0000000180012690     main_compatibility.obj
 0001:00011780       ??_C@_1PA@IPLNCHDN@?$AA?$FL?$AAb?$AAo?$AAo?$AAt?$AAx?$AA6?$AA4?$AA?4?$AAe?$AAf?$AAi?$AA?$FN?$AA?5?$AA?$HM@FNODOBFM@ 0000000180012780     main_compatibility.obj
 0001:00011870       ??_C@_1PA@HCCKOEMG@?$AA?$FL?$AAb?$AAo?$AAo?$AAt?$AAx?$AA6?$AA4?$AA?4?$AAe?$AAf?$AAi?$AA?$FN?$AA?5?$AA?$HM@FNODOBFM@ 0000000180012870     main_compatibility.obj
 0001:00011960       ??_C@_1PA@MABEIBAD@?$AA?$FL?$AAb?$AAo?$AAo?$AAt?$AAx?$AA6?$AA4?$AA?4?$AAe?$AAf?$AAi?$AA?$FN?$AA?5?$AA?$HM@FNODOBFM@ 0000000180012960     main_compatibility.obj
 0001:00011a50       ??_C@_1PA@OCMEIEKL@?$AA?$FL?$AAb?$AAo?$AAo?$AAt?$AAx?$AA6?$AA4?$AA?4?$AAe?$AAf?$AAi?$AA?$FN?$AA?5?$AA?$HM@FNODOBFM@ 0000000180012a50     main_compatibility.obj
 0001:00011b40       ??_C@_1PA@NCEBCDKJ@?$AA?$FL?$AAb?$AAo?$AAo?$AAt?$AAx?$AA6?$AA4?$AA?4?$AAe?$AAf?$AAi?$AA?$FN?$AA?5?$AA?$HM@FNODOBFM@ 0000000180012b40     main_compatibility.obj
 0001:00011c30       ??_C@_1PA@HAHKJKJL@?$AA?$FL?$AAb?$AAo?$AAo?$AAt?$AAx?$AA6?$AA4?$AA?4?$AAe?$AAf?$AAi?$AA?$FN?$AA?5?$AA?5@FNODOBFM@ 0000000180012c30     main_compatibility.obj
 0001:00011d20       ??_C@_1PA@JFFOPLEN@?$AA?$FL?$AAb?$AAo?$AAo?$AAt?$AAx?$AA6?$AA4?$AA?4?$AAe?$AAf?$AAi?$AA?$FN?$AA?5?$AA?$HM@FNODOBFM@ 0000000180012d20     main_compatibility.obj
 0001:00011e10       ??_C@_1PA@NPNKCEBC@?$AA?$FL?$AAb?$AAo?$AAo?$AAt?$AAx?$AA6?$AA4?$AA?4?$AAe?$AAf?$AAi?$AA?$FN?$AA?5?$AA?5@FNODOBFM@ 0000000180012e10     main_compatibility.obj
 0001:00011f00       ??_C@_1PA@PJMCLBMC@?$AA?$FL?$AAb?$AAo?$AAo?$AAt?$AAx?$AA6?$AA4?$AA?4?$AAe?$AAf?$AAi?$AA?$FN?$AA?5?$AA?5@FNODOBFM@ 0000000180012f00     main_compatibility.obj
 0001:00011ff0       ??_C@_1PA@GFMHICBK@?$AA?$FL?$AAb?$AAo?$AAo?$AAt?$AAx?$AA6?$AA4?$AA?4?$AAe?$AAf?$AAi?$AA?$FN?$AA?5?$AA?5@FNODOBFM@ 0000000180012ff0     main_compatibility.obj
 0001:000120e0       ??_C@_1PA@COALLAOM@?$AA?$FL?$AAb?$AAo?$AAo?$AAt?$AAx?$AA6?$AA4?$AA?4?$AAe?$AAf?$AAi?$AA?$FN?$AA?5?$AA?5@FNODOBFM@ 00000001800130e0     main_compatibility.obj
 0001:000121d0       ??_C@_1PA@PHPFKENN@?$AA?$FL?$AAb?$AAo?$AAo?$AAt?$AAx?$AA6?$AA4?$AA?4?$AAe?$AAf?$AAi?$AA?$FN?$AA?5?$AA?5@FNODOBFM@ 00000001800131d0     main_compatibility.obj
 0001:000122c0       ??_C@_1PA@BEFMFPJD@?$AA?$FL?$AAb?$AAo?$AAo?$AAt?$AAx?$AA6?$AA4?$AA?4?$AAe?$AAf?$AAi?$AA?$FN?$AA?5?$AA?5@FNODOBFM@ 00000001800132c0     main_compatibility.obj
 0001:000123b0       ??_C@_1FE@MIKFPAFJ@?$AA?$FL?$AAb?$AAo?$AAo?$AAt?$AAx?$AA6?$AA4?$AA?4?$AAe?$AAf?$AAi?$AA?$FN?$AA?5?$AAF@FNODOBFM@ 00000001800133b0     main_compatibility.obj
 0001:00012410       ??_C@_1EA@EACGGCAH@?$AA?$FL?$AAb?$AAo?$AAo?$AAt?$AAx?$AA6?$AA4?$AA?4?$AAe?$AAf?$AAi?$AA?$FN?$AA?5?$AAE@FNODOBFM@ 0000000180013410     main_compatibility.obj
 0001:00012450       ??_C@_1GA@COPKNDMG@?$AA?$FL?$AAb?$AAo?$AAo?$AAt?$AAx?$AA6?$AA4?$AA?4?$AAe?$AAf?$AAi?$AA?$FN?$AA?5?$AAS@FNODOBFM@ 0000000180013450     main_compatibility.obj
 0001:000124b0       ??_C@_1FC@KBCKKLDC@?$AA?$FL?$AAb?$AAo?$AAo?$AAt?$AAx?$AA6?$AA4?$AA?4?$AAe?$AAf?$AAi?$AA?$FN?$AA?5?$AAF@FNODOBFM@ 00000001800134b0     main_compatibility.obj
 0001:00012510       ??_C@_0M@PGEMAAMD@NtImageInfo@FNODOBFM@ 0000000180013510     main_compatibility.obj
 0001:00012520       ??_C@_0BJ@CDBLINBP@BlMmMapPhysicalAddressEx@FNODOBFM@ 0000000180013520     main_compatibility.obj
 0001:00012540       ??_C@_06GKPEAGHE@MINIEX@FNODOBFM@ 0000000180013540     main_compatibility.obj
 0001:00012550       ??_C@_0BN@DJGIBLGA@RtlFindExportedRoutineByName@FNODOBFM@ 0000000180013550     main_compatibility.obj
 0001:00012570       ??_C@_0BD@INIIMDPB@RtlImageNtHeaderEx@FNODOBFM@ 0000000180013570     main_compatibility.obj
 0001:00012590       ??_C@_09CPPOEBIG@xxxxxxxxx@FNODOBFM@ 0000000180013590     main_compatibility.obj
 0001:000125a0       ??_C@_09ELPECHKN@E3?RM?$IL?XM?$IF?I@FNODOBFM@ 00000001800135a0     main_compatibility.obj
 0002:00000000       __imp_ExAllocatePoolWithTag 0000000180014000     ntoskrnl:ntoskrnl.exe
 0002:00000008       __imp_ExFreePoolWithTag    0000000180014008     ntoskrnl:ntoskrnl.exe
 0002:00000010       __imp_MmGetPhysicalAddress 0000000180014010     ntoskrnl:ntoskrnl.exe
 0002:00000018       __imp_MmIsAddressValid     0000000180014018     ntoskrnl:ntoskrnl.exe
 0002:00000020       __imp_PsGetProcessId       0000000180014020     ntoskrnl:ntoskrnl.exe
 0002:00000028       __imp_PsGetProcessImageFileName 0000000180014028     ntoskrnl:ntoskrnl.exe
 0002:00000030       __imp_PsGetProcessExitProcessCalled 0000000180014030     ntoskrnl:ntoskrnl.exe
 0002:00000038       __imp_PsGetProcessPeb      0000000180014038     ntoskrnl:ntoskrnl.exe
 0002:00000040       __imp_PsGetProcessWow64Process 0000000180014040     ntoskrnl:ntoskrnl.exe
 0002:00000048       __imp_PsInitialSystemProcess 0000000180014048     ntoskrnl:ntoskrnl.exe
 0002:00000050       PsLoadedModuleList         0000000180014050     ntoskrnl:ntoskrnl.exe
 0002:00000050       __imp_PsLoadedModuleList   0000000180014050     ntoskrnl:ntoskrnl.exe
 0002:00000058       __imp_wcsstr               0000000180014058     ntoskrnl:ntoskrnl.exe
 0002:00000060       __imp_RtlInitUnicodeString 0000000180014060     ntoskrnl:ntoskrnl.exe
 0002:00000068       __imp_KeLowerIrql          0000000180014068     ntoskrnl:ntoskrnl.exe
 0002:00000070       __imp_KfRaiseIrql          0000000180014070     ntoskrnl:ntoskrnl.exe
 0002:00000078       __imp_KeAcquireSpinLockAtDpcLevel 0000000180014078     ntoskrnl:ntoskrnl.exe
 0002:00000080       __imp_KeReleaseSpinLockFromDpcLevel 0000000180014080     ntoskrnl:ntoskrnl.exe
 0002:00000088       __imp_IofCompleteRequest   0000000180014088     ntoskrnl:ntoskrnl.exe
 0002:00000090       __imp_IoReleaseRemoveLockEx 0000000180014090     ntoskrnl:ntoskrnl.exe
 0002:00000098       __imp_ObfDereferenceObject 0000000180014098     ntoskrnl:ntoskrnl.exe
 0002:000000a0       __imp_NtReadFile           00000001800140a0     ntoskrnl:ntoskrnl.exe
 0002:000000a8       __imp_ObQueryNameString    00000001800140a8     ntoskrnl:ntoskrnl.exe
 0002:000000b0       __imp_PsGetThreadWin32Thread 00000001800140b0     ntoskrnl:ntoskrnl.exe
 0002:000000b8       __imp_ObReferenceObjectByName 00000001800140b8     ntoskrnl:ntoskrnl.exe
 0002:000000c0       IoDriverObjectType         00000001800140c0     ntoskrnl:ntoskrnl.exe
 0002:000000c0       __imp_IoDriverObjectType   00000001800140c0     ntoskrnl:ntoskrnl.exe
 0002:000000c8       \177ntoskrnl_NULL_THUNK_DATA 00000001800140c8     ntoskrnl:ntoskrnl.exe
 0002:000000d0       __real@00000000            00000001800140d0     cs2features.obj
 0002:000000d8       __real@0000000000000000    00000001800140d8     cs2features.obj
 0002:000000e0       __real@34000000            00000001800140e0     cs2features.obj
 0002:000000e4       __real@3c23d70a            00000001800140e4     cs2features.obj
 0002:000000e8       __real@3c5cdce5            00000001800140e8     cs2features.obj
 0002:000000ec       __real@3c8efa35            00000001800140ec     cs2features.obj
 0002:000000f0       __real@3cb43958            00000001800140f0     cs2features.obj
 0002:000000f4       __real@3d6b65aa            00000001800140f4     cs2features.obj
 0002:000000f8       __real@3dcccccd            00000001800140f8     cs2features.obj
 0002:000000fc       __real@3df5c28f            00000001800140fc     cs2features.obj
 0002:00000100       __real@3df8476f            0000000180014100     cs2features.obj
 0002:00000104       __real@3e19999a            0000000180014104     cs2features.obj
 0002:00000108       __real@3e48533b            0000000180014108     cs2features.obj
 0002:0000010c       __real@3e800000            000000018001410c     cs2features.obj
 0002:00000110       __real@3eaa7daa            0000000180014110     cs2features.obj
 0002:00000114       __real@3f000000            0000000180014114     cs2features.obj
 0002:00000118       __real@3f7fff58            0000000180014118     cs2features.obj
 0002:0000011c       __real@3f800000            000000018001411c     cs2features.obj
 0002:00000120       __real@3f8ccccd            0000000180014120     cs2features.obj
 0002:00000124       __real@3fc28f5c            0000000180014124     cs2features.obj
 0002:00000128       __real@3fc90fa6            0000000180014128     cs2features.obj
 0002:0000012c       __real@3fe66666            000000018001412c     cs2features.obj
 0002:00000130       __real@3ff0000000000000    0000000180014130     cs2features.obj
 0002:00000138       __real@40000000            0000000180014138     cs2features.obj
 0002:00000140       __real@4000000000000000    0000000180014140     cs2features.obj
 0002:00000148       __real@40333333            0000000180014148     cs2features.obj
 0002:0000014c       __real@40400000            000000018001414c     cs2features.obj
 0002:00000150       __real@40490fd0            0000000180014150     cs2features.obj
 0002:00000154       __real@40490fdb            0000000180014154     cs2features.obj
 0002:00000158       __real@404ccccd            0000000180014158     cs2features.obj
 0002:0000015c       __real@40666666            000000018001415c     cs2features.obj
 0002:00000160       __real@40b9999a            0000000180014160     cs2features.obj
 0002:00000164       __real@40d9999a            0000000180014164     cs2features.obj
 0002:00000168       __real@4129999a            0000000180014168     cs2features.obj
 0002:0000016c       __real@41a00000            000000018001416c     cs2features.obj
 0002:00000170       __real@42200000            0000000180014170     cs2features.obj
 0002:00000174       __real@42480000            0000000180014174     cs2features.obj
 0002:00000178       __real@42640000            0000000180014178     cs2features.obj
 0002:0000017c       __real@42960000            000000018001417c     cs2features.obj
 0002:00000180       __real@42b20000            0000000180014180     cs2features.obj
 0002:00000184       __real@42b40000            0000000180014184     cs2features.obj
 0002:00000188       __real@42c80000            0000000180014188     cs2features.obj
 0002:0000018c       __real@43100000            000000018001418c     cs2features.obj
 0002:00000190       __real@43340000            0000000180014190     cs2features.obj
 0002:00000194       __real@437f0000            0000000180014194     cs2features.obj
 0002:00000198       __real@43870000            0000000180014198     cs2features.obj
 0002:0000019c       __real@43b40000            000000018001419c     cs2features.obj
 0002:000001a0       __real@45bea000            00000001800141a0     cs2features.obj
 0002:000001a4       __real@462d7000            00000001800141a4     cs2features.obj
 0002:000001a8       __real@4720f000            00000001800141a8     cs2features.obj
 0002:000001ac       __real@bcb43958            00000001800141ac     cs2features.obj
 0002:000001b0       __real@bd23d70a            00000001800141b0     cs2features.obj
 0002:000001b4       __real@bda3d70a            00000001800141b4     cs2features.obj
 0002:000001b8       __real@be4ccccd            00000001800141b8     cs2features.obj
 0002:000001bc       __real@be99999a            00000001800141bc     cs2features.obj
 0002:000001c0       __real@bf800000            00000001800141c0     cs2features.obj
 0002:000001c4       __real@bf8ccccd            00000001800141c4     cs2features.obj
 0002:000001c8       __real@bff0000000000000    00000001800141c8     cs2features.obj
 0002:000001d0       __real@c2b20000            00000001800141d0     cs2features.obj
 0002:000001d4       __real@c2c80000            00000001800141d4     cs2features.obj
 0002:000001e0       __xmm@7fffffff7fffffff7fffffff7fffffff 00000001800141e0     cs2features.obj
 0002:000001f0       __xmm@80000000000000008000000000000000 00000001800141f0     cs2features.obj
 0002:00000200       __xmm@80000000800000008000000080000000 0000000180014200     cs2features.obj
 0002:00000210       __real@40a00000            0000000180014210     csgofeatures.obj
 0002:00000214       __real@40e00000            0000000180014214     csgofeatures.obj
 0002:00000218       __real@41c80000            0000000180014218     csgofeatures.obj
 0002:0000021c       __real@433f0000            000000018001421c     csgofeatures.obj
 0002:00000220       __real@c0a00000            0000000180014220     csgofeatures.obj
 0002:00000224       __real@c0e00000            0000000180014224     csgofeatures.obj
 0002:00000230       __xmm@000000003dcccccd4066666600000000 0000000180014230     csgofeatures.obj
 0002:00000240       __xmm@0000000b0000000a0000000900000008 0000000180014240     csgofeatures.obj
 0002:00000250       __xmm@0000000f0000000e0000000d0000000c 0000000180014250     csgofeatures.obj
 0002:00000260       __xmm@3dcccccd3f4ccccd404000003dcccccd 0000000180014260     csgofeatures.obj
 0002:00000270       __xmm@00000438000007800000000000000000 0000000180014270     apex.obj
 0002:00000280       __real@42652eed            0000000180014280     apexfeatures.obj
 0002:00000284       __real@443b8000            0000000180014284     apexfeatures.obj
 0003:00000010       ?m_bBombPlanted@offsets@cs2@@3KA 0000000180015010     cs2.obj
 0003:00000014       ?m_bBombDropped@offsets@cs2@@3KA 0000000180015014     cs2.obj
 0003:00000018       ?dwGameRules@offsets@cs2@@3KA 0000000180015018     cs2.obj
 0003:0000001c       ?dwGlobalVars@offsets@cs2@@3KA 000000018001501c     cs2.obj
 0003:00000024       ?total_diffuse_time@features@cs2@@3KA 0000000180015024     cs2features.obj
 0003:00000028       ?gEfiLoadedImageProtocolGuid@@3UGUID@@A 0000000180015028     main_compatibility.obj
 0003:00000040       __isa_info                 0000000180015040     ntoskrnl:cpuinfo.obj
 0003:00000050       ?game_rules@offsets@cs2@@3_KA 0000000180015050     cs2.obj
 0003:00000058       ?global_vars@offsets@cs2@@3_KA 0000000180015058     cs2.obj
 0003:00000060       ?clientdll@offsets@cs2@@3_KA 0000000180015060     cs2.obj
 0003:00000068       ?game_handle@cs2@@3PEAXEA  0000000180015068     cs2.obj
 0003:00000160       ?local_player_gb@cs2@@3_KA 0000000180015160     cs2features.obj
 0003:00000168       ?bhop_enabled@cs2@@3HA     0000000180015168     cs2features.obj
 0003:0000016c       ?weapon_class@features@cs2@@3W4WEAPON_CLASS@2@A 000000018001516c     cs2features.obj
 0003:00000170       ?b_aimbot_button@features@cs2@@3HA 0000000180015170     cs2features.obj
 0003:00000174       ?b_triggerbot_button@features@cs2@@3HA 0000000180015174     cs2features.obj
 0003:00000178       ?b_incrosstrigger_button@features@cs2@@3HA 0000000180015178     cs2features.obj
 0003:0000017c       ?target_distance@features@cs2@@3MA 000000018001517c     cs2features.obj
 0003:00000180       ?defuse_time@features@cs2@@3KA 0000000180015180     cs2features.obj
 0003:00000184       ?oneshot_rising@features@cs2@@3HA 0000000180015184     cs2features.obj
 0003:00000188       ?diffusing_player@features@cs2@@3_KA 0000000180015188     cs2features.obj
 0003:00000190       ?bomb_planted@features@cs2@@3HA 0000000180015190     cs2features.obj
 0003:00000194       ?bomb_time@features@cs2@@3KA 0000000180015194     cs2features.obj
 0003:00000208       ?onshot@bhop@cs2@@3HA      0000000180015208     cs2_bhop_efi.obj
 0003:0000020c       ?currentms@bhop@cs2@@3KA   000000018001520c     cs2_bhop_efi.obj
 0003:00000210       ?delay@bhop@cs2@@3KA       0000000180015210     cs2_bhop_efi.obj
 0003:00000218       ?use_dormant_check@csgo@@3HA 0000000180015218     csgo.obj
 0003:00000220       ?game_handle@csgo@@3PEAXEA 0000000180015220     csgo.obj
 0003:00000328       ?game_handle@apex@@3PEAXEA 0000000180015328     apex.obj
 0003:00000450       ?NtUserGetForegroundWindow@gdi@@3P6APEAUHWND__@@XZEA 0000000180015450     gdi.obj
 0003:00000458       ?NtUserGetDC@gdi@@3P6APEAUHDC__@@PEAUHWND__@@@ZEA 0000000180015458     gdi.obj
 0003:00000460       ?NtUserGetDCEx@gdi@@3P6APEAUHDC__@@PEAUHWND__@@PEAXK@ZEA 0000000180015460     gdi.obj
 0003:00000468       ?NtGdiSelectBrush@gdi@@3P6APEAUHBRUSH__@@PEAUHDC__@@PEAU2@@ZEA 0000000180015468     gdi.obj
 0003:00000470       ?NtGdiPatBlt@gdi@@3P6AHPEAUHDC__@@HHHHK@ZEA 0000000180015470     gdi.obj
 0003:00000478       ?NtUserReleaseDC@gdi@@3P6AHPEAUHDC__@@@ZEA 0000000180015478     gdi.obj
 0003:00000480       ?NtGdiCreateSolidBrush@gdi@@3P6APEAUHBRUSH__@@KPEAU2@@ZEA 0000000180015480     gdi.obj
 0003:00000488       ?NtGdiDeleteObjectApp@gdi@@3P6AHPEAX@ZEA 0000000180015488     gdi.obj
 0003:00000490       ?NtGdiExtTextOutW@gdi@@3P6AHPEAUHDC__@@HHIPEAUtagRECT@@PEAGHPEAHK@ZEA 0000000180015490     gdi.obj
 0003:00000498       ?NtGdiHfontCreate@gdi@@3P6APEAUHFONT__@@PEAUtagENUMLOGFONTEXDVW@@KKKPEAX@ZEA 0000000180015498     gdi.obj
 0003:000004a0       ?NtGdiSelectFont@gdi@@3P6APEAUHFONT__@@PEAUHDC__@@PEAU2@@ZEA 00000001800154a0     gdi.obj
 0003:000004a8       ?init_status@gdi@@3HA      00000001800154a8     gdi.obj
 0003:000004b0       _fltused                   00000001800154b0     kernel.obj
 0003:000004b4       ?PsGetThreadWin32ThreadOffset@km@@3KA 00000001800154b4     kernel.obj
 0003:000004b8       NtUserPeekMessage          00000001800154b8     kernel.obj
 0003:000004c0       _KeAcquireSpinLockAtDpcLevel 00000001800154c0     kernel.obj
 0003:000004c8       _KeReleaseSpinLockFromDpcLevel 00000001800154c8     kernel.obj
 0003:000004d0       _IofCompleteRequest        00000001800154d0     kernel.obj
 0003:000004d8       _IoReleaseRemoveLockEx     00000001800154d8     kernel.obj
 0003:000004e0       ?oIopReadFile@km@@3P6AJ_J0H000H0000000@ZEA 00000001800154e0     kernel.obj
 0003:000004e8       ?memcpy_safe@km@@3P6AJPEAX0K@ZEA 00000001800154e8     kernel.obj
 0003:000004f0       ?patch@km@@3PAUFILE_PATCH@1@A 00000001800154f0     kernel.obj
 0003:00000538       ?gMouseObject@@3U_MOUSE_OBJECT@@A 0000000180015538     kernel.obj
 0003:00000558       EfiBaseAddress             0000000180015558     main_compatibility.obj
 0003:00000560       EfiBaseSize                0000000180015560     main_compatibility.obj
 0003:00000568       GlobalStatusVariable       0000000180015568     main_compatibility.obj
 0003:00000570       ntoskrnl_fbase             0000000180015570     main_compatibility.obj
 0003:00000578       ntoskrnl_fsize             0000000180015578     main_compatibility.obj
 0003:00000580       oGetMemoryMap              0000000180015580     main_compatibility.obj
 0003:00000588       oAllocatePages             0000000180015588     main_compatibility.obj
 0003:00000590       oExitBootServices          0000000180015590     main_compatibility.obj
 0003:00000598       ?gST@@3PEAUEFI_SYSTEM_TABLE@@EA 0000000180015598     main_compatibility.obj
 0003:000005a0       ?gBS@@3PEAUEFI_BOOT_SERVICES@@EA 00000001800155a0     main_compatibility.obj
 0003:000005a8       ?gRT@@3PEAUEFI_RUNTIME_SERVICES@@EA 00000001800155a8     main_compatibility.obj
 0005:00000000       __IMPORT_DESCRIPTOR_ntoskrnl 0000000180017000     ntoskrnl:ntoskrnl.exe
 0005:00000014       __NULL_IMPORT_DESCRIPTOR   0000000180017014     ntoskrnl:ntoskrnl.exe

 entry point at        0001:0000f0ac

 Static symbols

 0001:00000000       $$000000                   0000000180001000     mouse.obj
 0001:00000b9c       ?get_interface@cs2@@YA_K_KPEBD@Z 0000000180001b9c f   cs2.obj
 0001:00001508       ?initialize@cs2@@YAHXZ     0000000180002508 f   cs2.obj
 0001:000039c4       ?esp@features@cs2@@YAX_K0Uvec3@@@Z 00000001800049c4 f   cs2features.obj
 0001:00003dbc       ?get_best_target@features@cs2@@YAXH_K0KUvec2@@PEA_K@Z 0000000180004dbc f   cs2features.obj
 0001:00004190       ?get_target_angle@features@cs2@@YA?AUvec3@@_KU3@KUvec2@@@Z 0000000180005190 f   cs2features.obj
 0001:00004340       ?has_target_event@features@cs2@@YAX_K0MUvec2@@Uvec3@@12@Z 0000000180005340 f   cs2features.obj
 0001:00004c1c       ?render_normal_position@features@cs2@@YAXUvec3@@HHMMM_K@Z 0000000180005c1c f   cs2features.obj
 0001:00006220       ?dump_baseanimating_callback@csgo@@YAHPEBDKPEAX@Z 0000000180007220 f   csgo.obj
 0001:000062ac       ?dump_baseentity_callback@csgo@@YAHPEBDKPEAX@Z 00000001800072ac f   csgo.obj
 0001:000063ec       ?dump_baseplayer_callback@csgo@@YAHPEBDKPEAX@Z 00000001800073ec f   csgo.obj
 0001:00006618       ?dump_csplayer_callback@csgo@@YAHPEBDKPEAX@Z 0000000180007618 f   csgo.obj
 0001:000067b0       ?dump_netvar_table_callback@csgo@@YAHPEBDKPEAX@Z 00000001800077b0 f   csgo.obj
 0001:00006980       ?dump_netvar_tables@csgo@@YAHP6AHPEBDKPEAX@Z1@Z 0000000180007980 f   csgo.obj
 0001:00006a80       ?dump_netvars@csgo@@YAKKP6AHPEBDKPEAX@Z1@Z 0000000180007a80 f   csgo.obj
 0001:00006d20       ?get_convar@csgo@@YAKPEBD@Z 0000000180007d20 f   csgo.obj
 0001:00006eac       ?get_convar_int@csgo@@YAHK@Z 0000000180007eac f   csgo.obj
 0001:00007100       ?get_interface@csgo@@YAKKPEBD@Z 0000000180008100 f   csgo.obj
 0001:0000724c       ?get_interface_factory@csgo@@YAKK@Z 000000018000824c f   csgo.obj
 0001:000072bc       ?get_interface_function@csgo@@YAKKK@Z 00000001800082bc f   csgo.obj
 0001:0000776c       ?get_weapon_class_0@player@csgo@@YA?AW4WEAPON_CLASS@2@K@Z 000000018000876c f   csgo.obj
 0001:00007b48       ?get_weapon_class_1@player@csgo@@YA?AW4WEAPON_CLASS@2@K@Z 0000000180008b48 f   csgo.obj
 0001:00007d88       ?initialize@csgo@@YAHXZ    0000000180008d88 f   csgo.obj
 0001:00008750       ?aimbot@features@csgo@@YAXKKW4WEAPON_CLASS@2@KH@Z 0000000180009750 f   csgofeatures.obj
 0001:00008c1c       ?esp@features@csgo@@YAXKK@Z 0000000180009c1c f   csgofeatures.obj
 0001:00008e94       ?get_best_target@features@csgo@@YAKKKPEAK@Z 0000000180009e94 f   csgofeatures.obj
 0001:00009128       ?get_incross_target@features@csgo@@YAKK@Z 000000018000a128 f   csgofeatures.obj
 0001:00009194       ?get_target_angle@features@csgo@@YA?AUvec3@@KU3@K@Z 000000018000a194 f   csgofeatures.obj
 0001:00009318       ?random_number@@YA_K_K0@Z  000000018000a318 f   csgofeatures.obj
 0001:00009664       ?standalone_rcs@features@csgo@@YAXK@Z 000000018000a664 f   csgofeatures.obj
 0001:00009788       ?triggerbot@features@csgo@@YAHKKKW4WEAPON_CLASS@2@@Z 000000018000a788 f   csgofeatures.obj
 0001:00009dfc       ?dump_netvars@apex@@YAH_K@Z 000000018000adfc f   apex.obj
 0001:0000a73c       ?get_netvar@apex@@YAH_KPEBD@Z 000000018000b73c f   apex.obj
 0001:0000ac54       ?initialize@apex@@YAHXZ    000000018000bc54 f   apex.obj
 0001:0000b3cc       ?esp@features@apex@@YAX_K0Uvec3@@@Z 000000018000c3cc f   apexfeatures.obj
 0001:0000b690       ?get_best_target@features@apex@@YAX_KPEA_K@Z 000000018000c690 f   apexfeatures.obj
 0001:0000b848       ?get_target_angle@features@apex@@YA?AUvec3@@_K0U3@@Z 000000018000c848 f   apexfeatures.obj
 0001:0000d884       ?move@mouse@@YAXJJG@Z      000000018000e884 f   kernel.obj
 0001:0000d8f0       ?open@mouse@@YAHXZ         000000018000e8f0 f   kernel.obj
 0001:0000eee4       ?RtlImageNtHeaderExHook@@YA_KKPEAX_KPEA_K@Z 000000018000fee4 f   main_compatibility.obj
 0001:0000fa40       $$000000                   0000000180010a40     ntoskrnl:memcpy.obj
 0001:0000fa60       mcpy00                     0000000180010a60     ntoskrnl:memcpy.obj
 0001:0000fa80       mcpy10                     0000000180010a80     ntoskrnl:memcpy.obj
 0001:0000fa9a       mcpy20                     0000000180010a9a     ntoskrnl:memcpy.obj
 0001:0000faa0       mcpy30                     0000000180010aa0     ntoskrnl:memcpy.obj
 0001:0000fac0       xcpy00                     0000000180010ac0     ntoskrnl:memcpy.obj
 0001:0000faf1       xcpy10                     0000000180010af1     ntoskrnl:memcpy.obj
 0001:0000fb40       xcpy13                     0000000180010b40     ntoskrnl:memcpy.obj
 0001:0000fb6f       xcpy15                     0000000180010b6f     ntoskrnl:memcpy.obj
 0001:0000fb91       xcpy20                     0000000180010b91     ntoskrnl:memcpy.obj
 0001:0000fba5       xcpy30                     0000000180010ba5     ntoskrnl:memcpy.obj
 0001:0000fbc0       lcpy00                     0000000180010bc0     ntoskrnl:memcpy.obj
 0001:0000fc00       lcpy10                     0000000180010c00     ntoskrnl:memcpy.obj
 0001:0000fc40       xmov00                     0000000180010c40     ntoskrnl:memcpy.obj
 0001:0000fc6d       xmov10                     0000000180010c6d     ntoskrnl:memcpy.obj
 0001:0000fc80       xmov13                     0000000180010c80     ntoskrnl:memcpy.obj
 0001:0000fcaf       xmov15                     0000000180010caf     ntoskrnl:memcpy.obj
 0001:0000fcd1       xmov20                     0000000180010cd1     ntoskrnl:memcpy.obj
 0001:0000fce6       xmov30                     0000000180010ce6     ntoskrnl:memcpy.obj
 0001:0000fd00       $$000000                   0000000180010d00     ntoskrnl:memset.obj
 0001:0000fd22       mset10                     0000000180010d22     ntoskrnl:memset.obj
 0001:0000fd38       mset20                     0000000180010d38     ntoskrnl:memset.obj
 0001:0000fd61       mset30                     0000000180010d61     ntoskrnl:memset.obj
 0001:0000fd90       mset45                     0000000180010d90     ntoskrnl:memset.obj
 0001:0000fd96       mset46                     0000000180010d96     ntoskrnl:memset.obj
 0001:0000fdc0       mset47                     0000000180010dc0     ntoskrnl:memset.obj
 0001:0000fdf0       mset48                     0000000180010df0     ntoskrnl:memset.obj
 0001:0000fe06       mset50                     0000000180010e06     ntoskrnl:memset.obj
 0001:0000fe40       $$000000                   0000000180010e40     ntoskrnl:memset.obj
 0001:0000fe4a       repmovs10                  0000000180010e4a     ntoskrnl:memset.obj
 0001:0000fe7c       repmovs20                  0000000180010e7c     ntoskrnl:memset.obj
 0001:0000fec0       $$000000                   0000000180010ec0     ntoskrnl:memset.obj
 0002:00000288       $unwind$?get_client_entity@entity@apex@@YA_KH@Z 0000000180014288     apex.obj
 0002:00000288       $unwind$?get_controller_sensitivity@apex@@YAHXZ 0000000180014288     apex.obj
 0002:00000288       $unwind$?get_current_tick@engine@apex@@YAHXZ 0000000180014288     apex.obj
 0002:00000288       $unwind$?get_health@player@apex@@YAH_K@Z 0000000180014288     apex.obj
 0002:00000288       $unwind$?get_hwnd@engine@apex@@YA_KXZ 0000000180014288     apex.obj
 0002:00000288       $unwind$?get_int@cvar@apex@@YAH_K@Z 0000000180014288     apex.obj
 0002:00000288       $unwind$?get_local_player@entity@apex@@YA_KXZ 0000000180014288     apex.obj
 0002:00000288       $unwind$?get_max_health@player@apex@@YAH_K@Z 0000000180014288     apex.obj
 0002:00000288       $unwind$?get_team_num@player@apex@@YAH_K@Z 0000000180014288     apex.obj
 0002:00000288       $unwind$?get_viewangles@player@apex@@YA?AUvec2@@_K@Z 0000000180014288     apex.obj
 0002:00000288       $unwind$?is_zoomed_in@player@apex@@YAH_K@Z 0000000180014288     apex.obj
 0002:00000288       $unwind$?update_settings@features@apex@@YAXXZ 0000000180014288     apexfeatures.obj
 0002:00000288       $unwind$?get_BombPlanted@offsets@cs2@@YAHXZ 0000000180014288     cs2.obj
 0002:00000288       $unwind$?get_MoveType@player@cs2@@YAK_K@Z 0000000180014288     cs2.obj
 0002:00000288       $unwind$?get_crosshair_id@player@cs2@@YAK_K@Z 0000000180014288     cs2.obj
 0002:00000288       $unwind$?get_crosshairalpha@cs2@@YAHXZ 0000000180014288     cs2.obj
 0002:00000288       $unwind$?get_current_ms@engine@cs2@@YAKXZ 0000000180014288     cs2.obj
 0002:00000288       $unwind$?get_dormant@node@cs2@@YAE_K@Z 0000000180014288     cs2.obj
 0002:00000288       $unwind$?get_flags@player@cs2@@YAK_K@Z 0000000180014288     cs2.obj
 0002:00000288       $unwind$?get_health@player@cs2@@YAK_K@Z 0000000180014288     cs2.obj
 0002:00000288       $unwind$?get_hwnd@sdl@cs2@@YA_K_K@Z 0000000180014288     cs2.obj
 0002:00000288       $unwind$?get_life_state@player@cs2@@YAH_K@Z 0000000180014288     cs2.obj
 0002:00000288       $unwind$?get_local_player_controller@entity@cs2@@YA_KXZ 0000000180014288     cs2.obj
 0002:00000288       $unwind$?get_node@player@cs2@@YA_K_K@Z 0000000180014288     cs2.obj
 0002:00000288       $unwind$?get_shots_fired@player@cs2@@YAK_K@Z 0000000180014288     cs2.obj
 0002:00000288       $unwind$?get_team_num@player@cs2@@YAK_K@Z 0000000180014288     cs2.obj
 0002:00000288       $unwind$?get_viewangle@player@cs2@@YA?AUvec2@@_K@Z 0000000180014288     cs2.obj
 0002:00000288       $unwind$?get_window@sdl@cs2@@YA_KXZ 0000000180014288     cs2.obj
 0002:00000288       $unwind$?get_window_data@sdl@cs2@@YA_K_K@Z 0000000180014288     cs2.obj
 0002:00000288       $unwind$?has_defuser@entity@cs2@@YAH_K@Z 0000000180014288     cs2.obj
 0002:00000288       $unwind$?is_defusing@player@cs2@@YAH_K@Z 0000000180014288     cs2.obj
 0002:00000288       $unwind$?reset@bhop@cs2@@YAXXZ 0000000180014288     cs2_bhop_efi.obj
 0002:00000288       $unwind$?update_settings@features@cs2@@YAXXZ 0000000180014288     cs2features.obj
 0002:00000288       $unwind$?get_client_entity@entity@csgo@@YAKH@Z 0000000180014288     csgo.obj
 0002:00000288       $unwind$?get_crosshair_id@player@csgo@@YAHK@Z 0000000180014288     csgo.obj
 0002:00000288       $unwind$?get_current_tick@engine@csgo@@YAKXZ 0000000180014288     csgo.obj
 0002:00000288       $unwind$?get_dormant@player@csgo@@YAHK@Z 0000000180014288     csgo.obj
 0002:00000288       $unwind$?get_fov@player@csgo@@YAHK@Z 0000000180014288     csgo.obj
 0002:00000288       $unwind$?get_health@player@csgo@@YAHK@Z 0000000180014288     csgo.obj
 0002:00000288       $unwind$?get_hwnd@input@csgo@@YAKXZ 0000000180014288     csgo.obj
 0002:00000288       $unwind$?get_interface_factory@csgo@@YAKK@Z 0000000180014288     csgo.obj
 0002:00000288       $unwind$?get_life_state@player@csgo@@YAHK@Z 0000000180014288     csgo.obj
 0002:00000288       $unwind$?get_local_player@teams@csgo@@YAKXZ 0000000180014288     csgo.obj
 0002:00000288       $unwind$?get_player_count@teams@csgo@@YAHK@Z 0000000180014288     csgo.obj
 0002:00000288       $unwind$?get_player_id@player@csgo@@YAHK@Z 0000000180014288     csgo.obj
 0002:00000288       $unwind$?get_player_list@teams@csgo@@YAKK@Z 0000000180014288     csgo.obj
 0002:00000288       $unwind$?get_screen_pos@engine@csgo@@YA?AUvec2_i@@XZ 0000000180014288     csgo.obj
 0002:00000288       $unwind$?get_screen_size@engine@csgo@@YA?AUvec2_i@@XZ 0000000180014288     csgo.obj
 0002:00000288       $unwind$?get_shots_fired@player@csgo@@YAHK@Z 0000000180014288     csgo.obj
 0002:00000288       $unwind$?get_team@teams@csgo@@YAKKH@Z 0000000180014288     csgo.obj
 0002:00000288       $unwind$?get_team_count@teams@csgo@@YAHXZ 0000000180014288     csgo.obj
 0002:00000288       $unwind$?get_team_list@teams@csgo@@YAKXZ 0000000180014288     csgo.obj
 0002:00000288       $unwind$?get_team_num@player@csgo@@YAHK@Z 0000000180014288     csgo.obj
 0002:00000288       $unwind$?get_team_num@teams@csgo@@YAHK@Z 0000000180014288     csgo.obj
 0002:00000288       $unwind$?get_vec_punch@player@csgo@@YA?AUvec2@@K@Z 0000000180014288     csgo.obj
 0002:00000288       $unwind$?get_viewangles@player@csgo@@YA?AUvec2@@K@Z 0000000180014288     csgo.obj
 0002:00000288       $unwind$?has_defuser@player@csgo@@YAHK@Z 0000000180014288     csgo.obj
 0002:00000288       $unwind$?is_defusing@player@csgo@@YAHK@Z 0000000180014288     csgo.obj
 0002:00000288       $unwind$?update_settings@features@csgo@@YAXXZ 0000000180014288     csgofeatures.obj
 0002:00000288       $unwind$?read_i32w@vmwin@@YA_KPEAX_K@Z 0000000180014288     vm.obj
 0002:00000288       $unwind$?read_i64@vm@@YA_KPEAX_K@Z 0000000180014288     vm.obj
 0002:00000294       $unwind$?get_camera_origin@player@apex@@YA?AUvec3@@_K@Z 0000000180014294     apex.obj
 0002:00000294       $unwind$?get_origin@player@apex@@YA?AUvec3@@_K@Z 0000000180014294     apex.obj
 0002:00000294       $unwind$?get_velocity@player@apex@@YA?AUvec3@@_K@Z 0000000180014294     apex.obj
 0002:00000294       $unwind$?get_origin@node@cs2@@YA?AUvec3@@_K@Z 0000000180014294     cs2.obj
 0002:00000294       $unwind$?get_origin@player@cs2@@YA?AUvec3@@_K@Z 0000000180014294     cs2.obj
 0002:00000294       $unwind$?get_window_info@sdl@cs2@@YAH_KPEAUWINDOW_INFO@2@@Z 0000000180014294     cs2.obj
 0002:000002a0       $unwind$?get_convar@engine@cs2@@YA_KPEBD@Z 00000001800142a0     cs2.obj
 0002:000002bc       $unwind$?is_button_down@input@apex@@YAHK@Z 00000001800142bc     apex.obj
 0002:000002bc       $unwind$?is_valid@player@apex@@YAH_K@Z 00000001800142bc     apex.obj
 0002:000002bc       $unwind$?get_client_entity@entity@cs2@@YA_KH@Z 00000001800142bc     cs2.obj
 0002:000002bc       $unwind$?get_interface_function@cs2@@YA_K_KK@Z 00000001800142bc     cs2.obj
 0002:000002bc       $unwind$?get_player@entity@cs2@@YA_K_K@Z 00000001800142bc     cs2.obj
 0002:000002bc       $unwind$?get_viewmatrix@engine@cs2@@YA?AUview_matrix_t@@XZ 00000001800142bc     cs2.obj
 0002:000002bc       $unwind$?is_button_down@input@cs2@@YAHK@Z 00000001800142bc     cs2.obj
 0002:000002bc       $unwind$?is_ffa@gamemode@cs2@@YAHXZ 00000001800142bc     cs2.obj
 0002:000002bc       $unwind$?is_player@entity@cs2@@YAH_K@Z 00000001800142bc     cs2.obj
 0002:000002bc       $unwind$?get_button_state@input@csgo@@YAHK@Z 00000001800142bc     csgo.obj
 0002:000002bc       $unwind$?get_convar_int@csgo@@YAHK@Z 00000001800142bc     csgo.obj
 0002:000002bc       $unwind$?get_interface_function@csgo@@YAKKK@Z 00000001800142bc     csgo.obj
 0002:000002bc       $unwind$?get_origin@player@csgo@@YA?AUvec3@@K@Z 00000001800142bc     csgo.obj
 0002:000002bc       $unwind$?get_sensitivity@engine@csgo@@YAMXZ 00000001800142bc     csgo.obj
 0002:000002bc       $unwind$?get_viewmatrix@engine@csgo@@YA?AUview_matrix_t@@XZ 00000001800142bc     csgo.obj
 0002:000002bc       $unwind$?get_weapon_class@player@csgo@@YA?AW4WEAPON_CLASS@2@K@Z 00000001800142bc     csgo.obj
 0002:000002bc       $unwind$?running@vm@@YAHPEAX@Z 00000001800142bc     vm.obj
 0002:000002c8       $unwind$?get_sensitivity@mouse@cs2@@YAMXZ 00000001800142c8     cs2.obj
 0002:000002d8       $unwind$?get_bone_position@node@cs2@@YAH_KHPEAUvec3@@@Z 00000001800142d8     cs2.obj
 0002:000002d8       $unwind$?is_visible@player@cs2@@YAH_K@Z 00000001800142d8     cs2.obj
 0002:000002d8       $unwind$?get_bone_position@player@csgo@@YAHKHPEAY123M@Z 00000001800142d8     csgo.obj
 0002:000002e8       $unwind$?get_vec_view@player@cs2@@YAM_K@Z 00000001800142e8     cs2.obj
 0002:000002f8       $unwind$?get_eye_position@player@cs2@@YA?AUvec3@@_K@Z 00000001800142f8     cs2.obj
 0002:00000308       $unwind$?get_bullet_speed@weapon@apex@@YAM_K@Z 0000000180014308     apex.obj
 0002:00000308       $unwind$?get_fov_multipler@player@cs2@@YAM_K@Z 0000000180014308     cs2.obj
 0002:00000318       $unwind$?get_vec_punch@player@cs2@@YA?AUvec2@@_K@Z 0000000180014318     cs2.obj
 0002:00000324       $unwind$?get_viewmatrix@engine@apex@@YA?AUview_matrix_t@@XZ 0000000180014324     apex.obj
 0002:00000324       $unwind$?get_weapon_class@player@cs2@@YA?AW4WEAPON_CLASS@2@_K@Z 0000000180014324     cs2.obj
 0002:00000338       $unwind$?is_valid@player@cs2@@YAH_K0@Z 0000000180014338     cs2.obj
 0002:00000338       $unwind$?read@vm@@YAHPEAX_K01@Z 0000000180014338     vm.obj
 0002:00000338       $unwind$?scan_pattern_direct@vmwin@@YA_KPEAX_KPEBD2K@Z 0000000180014338     vm.obj
 0002:00000338       $unwind$?write@vm@@YAHPEAX_K01@Z 0000000180014338     vm.obj
 0002:0000034c       $unwind$?initialize@cs2@@YAHXZ 000000018001434c     cs2.obj
 0002:00000364       $unwind$?get_interface@cs2@@YA_K_KPEBD@Z 0000000180014364     cs2.obj
 0002:00000384       $unwind$?qatan2@math@@YAMMM@Z 0000000180014384     cs2features.obj
 0002:00000398       $unwind$?qsin@math@@YANN@Z 0000000180014398     cs2features.obj
 0002:000003ac       $unwind$?qcos@math@@YANN@Z 00000001800143ac     cs2features.obj
 0002:000003c0       $unwind$?vec_angles@math@@YAXUvec3@@PEAU2@@Z 00000001800143c0     cs2features.obj
 0002:000003e0       $unwind$?vec_delta@math@@YA?AUvec3@@U2@0@Z 00000001800143e0     cs2features.obj
 0002:000003e0       $unwind$?net_graphcolor@engine@csgo@@YAXEEEE@Z 00000001800143e0     csgo.obj
 0002:000003ec       $unwind$?vec_atd@math@@YA?AUvec3@@U2@@Z 00000001800143ec     cs2features.obj
 0002:00000408       $unwind$?vec_min_max@math@@YA_NUvec3@@000M@Z 0000000180014408     cs2features.obj
 0002:00000448       $unwind$?run@features@cs2@@YAXXZ 0000000180014448     cs2features.obj
 0002:00000490       $unwind$?has_target_event@features@cs2@@YAX_K0MUvec2@@Uvec3@@12@Z 0000000180014490     cs2features.obj
 0002:000004d4       $unwind$?get_target_angle@features@cs2@@YA?AUvec3@@_KU3@KUvec2@@@Z 00000001800144d4     cs2features.obj
 0002:000004f4       $unwind$?get_best_target@features@cs2@@YAXH_K0KUvec2@@PEA_K@Z 00000001800144f4     cs2features.obj
 0002:00000534       $unwind$?esp@features@cs2@@YAX_K0Uvec3@@@Z 0000000180014534     cs2features.obj
 0002:0000056c       $unwind$?render_normal_position@features@cs2@@YAXUvec3@@HHMMM_K@Z 000000018001456c     cs2features.obj
 0002:000005a8       $unwind$?run@bhop@cs2@@YAXXZ 00000001800145a8     cs2_bhop_efi.obj
 0002:000005b8       $unwind$?get_weapon@player@apex@@YA_K_K@Z 00000001800145b8     apex.obj
 0002:000005b8       $unwind$?get_player@teams@csgo@@YAKKH@Z 00000001800145b8     csgo.obj
 0002:000005c4       $unwind$?contains_player@teams@csgo@@YAHKHH@Z 00000001800145c4     csgo.obj
 0002:000005dc       $unwind$?is_valid@player@csgo@@YAHK@Z 00000001800145dc     csgo.obj
 0002:000005dc       $unwind$?random_number@@YA_K_K0@Z 00000001800145dc     csgofeatures.obj
 0002:000005dc       $unwind$?init@gdi@@YAHXZ   00000001800145dc     gdi.obj
 0002:000005dc       $unwind$?PsGetThreadWin32ThreadHook@km@@YA_K_K@Z 00000001800145dc     kernel.obj
 0002:000005ec       $unwind$?is_visible@player@csgo@@YAHKK@Z 00000001800145ec     csgo.obj
 0002:00000600       $unwind$?get_weapon_handle@player@csgo@@YAKK@Z 0000000180014600     csgo.obj
 0002:0000060c       $unwind$?get_eye_position@player@csgo@@YA?AUvec3@@K@Z 000000018001460c     csgo.obj
 0002:00000620       $unwind$?get_interface@csgo@@YAKKPEBD@Z 0000000180014620     csgo.obj
 0002:0000063c       $unwind$?get_convar@csgo@@YAKPEBD@Z 000000018001463c     csgo.obj
 0002:00000658       $unwind$?dump_netvar_tables@csgo@@YAHP6AHPEBDKPEAX@Z1@Z 0000000180014658     csgo.obj
 0002:00000678       $unwind$?dump_netvars@csgo@@YAKKP6AHPEBDKPEAX@Z1@Z 0000000180014678     csgo.obj
 0002:00000698       $unwind$?dump_netvar_table_callback@csgo@@YAHPEBDKPEAX@Z 0000000180014698     csgo.obj
 0002:000006b0       $unwind$?dump_baseplayer_callback@csgo@@YAHPEBDKPEAX@Z 00000001800146b0     csgo.obj
 0002:000006b0       $unwind$?dump_csplayer_callback@csgo@@YAHPEBDKPEAX@Z 00000001800146b0     csgo.obj
 0002:000006c8       $unwind$?dump_baseentity_callback@csgo@@YAHPEBDKPEAX@Z 00000001800146c8     csgo.obj
 0002:000006e0       $unwind$?dump_baseanimating_callback@csgo@@YAHPEBDKPEAX@Z 00000001800146e0     csgo.obj
 0002:000006f4       $unwind$?get_weapon_class_0@player@csgo@@YA?AW4WEAPON_CLASS@2@K@Z 00000001800146f4     csgo.obj
 0002:00000710       $unwind$?get_weapon_class_1@player@csgo@@YA?AW4WEAPON_CLASS@2@K@Z 0000000180014710     csgo.obj
 0002:00000724       $unwind$?initialize@csgo@@YAHXZ 0000000180014724     csgo.obj
 0002:0000073c       $unwind$?run@features@csgo@@YAXXZ 000000018001473c     csgofeatures.obj
 0002:0000075c       $unwind$?standalone_rcs@features@csgo@@YAXK@Z 000000018001475c     csgofeatures.obj
 0002:00000778       $unwind$?get_incross_target@features@csgo@@YAKK@Z 0000000180014778     csgofeatures.obj
 0002:00000790       $unwind$?triggerbot@features@csgo@@YAHKKKW4WEAPON_CLASS@2@@Z 0000000180014790     csgofeatures.obj
 0002:000007d8       $unwind$?aimbot@features@csgo@@YAXKKW4WEAPON_CLASS@2@KH@Z 00000001800147d8     csgofeatures.obj
 0002:00000814       $unwind$?get_target_angle@features@csgo@@YA?AUvec3@@KU3@K@Z 0000000180014814     csgofeatures.obj
 0002:00000828       $unwind$?get_best_target@features@csgo@@YAKKKPEAK@Z 0000000180014828     csgofeatures.obj
 0002:00000850       $unwind$?esp@features@csgo@@YAXKK@Z 0000000180014850     csgofeatures.obj
 0002:00000880       $unwind$?get_convar@engine@apex@@YA_KPEBD@Z 0000000180014880     apex.obj
 0002:0000089c       $unwind$?get_window_info@engine@apex@@YAHPEAUWINDOW_INFO@2@@Z 000000018001489c     apex.obj
 0002:000008ac       $unwind$?get_bone_position@player@apex@@YAH_KHPEAUvec3@@@Z 00000001800148ac     apex.obj
 0002:000008c8       $unwind$?get_zoom_fov@weapon@apex@@YAM_K@Z 00000001800148c8     apex.obj
 0002:000008d8       $unwind$?get_float@cvar@apex@@YAM_K@Z 00000001800148d8     apex.obj
 0002:000008e8       $unwind$?initialize@apex@@YAHXZ 00000001800148e8     apex.obj
 0002:00000908       $unwind$?dump_netvars@apex@@YAH_K@Z 0000000180014908     apex.obj
 0002:00000924       $unwind$?get_netvar@apex@@YAH_KPEBD@Z 0000000180014924     apex.obj
 0002:00000944       $unwind$?CalcAngle@math@@YA?AUvec3@@U2@0@Z 0000000180014944     apexfeatures.obj
 0002:00000958       $unwind$?run@features@apex@@YAXXZ 0000000180014958     apexfeatures.obj
 0002:00000988       $unwind$?get_target_angle@features@apex@@YA?AUvec3@@_K0U3@@Z 0000000180014988     apexfeatures.obj
 0002:000009a4       $unwind$?get_best_target@features@apex@@YAX_KPEA_K@Z 00000001800149a4     apexfeatures.obj
 0002:000009d0       $unwind$?esp@features@apex@@YAX_K0Uvec3@@@Z 00000001800149d0     apexfeatures.obj
 0002:00000a0c       $unwind$?process_exists@vm@@YAHPEBD@Z 0000000180014a0c     vm.obj
 0002:00000a28       $unwind$?get_module@vmwin@@YA_KPEAXPEBD@Z 0000000180014a28     vm.obj
 0002:00000a48       $unwind$?get_module_export@vmwin@@YA_KPEAX_KPEBD@Z 0000000180014a48     vm.obj
 0002:00000a6c       $unwind$?dump_module@vmwin@@YAPEAXPEAX_KW4VM_MODULE_TYPE@@@Z 0000000180014a6c     vm.obj
 0002:00000a88       $unwind$?scan_pattern@vmwin@@YA_KPEAXPEBD1_K@Z 0000000180014a88     vm.obj
 0002:00000aa8       $unwind$?FrameRect@gdi@@YA_NPEAUHDC__@@PEBUtagRECT@@PEAUHBRUSH__@@H@Z 0000000180014aa8     gdi.obj
 0002:00000ac8       $unwind$?FillRect@gdi@@YA_NPEAUHDC__@@PEBUtagRECT@@PEAUHBRUSH__@@@Z 0000000180014ac8     gdi.obj
 0002:00000adc       $unwind$?DrawFillRect@gdi@@YAXPEAXJJJJEEE@Z 0000000180014adc     gdi.obj
 0002:00000adc       $unwind$?DrawRect@gdi@@YAXPEAXJJJJEEE@Z 0000000180014adc     gdi.obj
 0002:00000af8       $unwind$?GetModuleEntry@@YA_KPEBG@Z 0000000180014af8     gdi.obj
 0002:00000b04       $unwind$?GetProcAddressQ@@YA_K_KPEBD@Z 0000000180014b04     gdi.obj
 0002:00000b18       $unwind$?initialize@km@@YAE_K00@Z 0000000180014b18     kernel.obj
 0002:00000b30       $unwind$?IopReadFileHook@km@@YAJ_J0H000H0000000@Z 0000000180014b30     kernel.obj
 0002:00000b54       $unwind$?hook@km@@YA?AUFILE_PATCH@1@_K000PEA_K@Z 0000000180014b54     kernel.obj
 0002:00000b68       $unwind$?move@mouse@@YAXJJG@Z 0000000180014b68     kernel.obj
 0002:00000b74       $unwind$?open@mouse@@YAHXZ 0000000180014b74     kernel.obj
 0002:00000b88       $unwind$?memcpy_impl@km@@YAHPEAXPEBX_K@Z 0000000180014b88     kernel.obj
 0002:00000b94       $unwind$ExitBootServicesHook 0000000180014b94     main_compatibility.obj
 0002:00000ba8       $unwind$AllocatePagesHook  0000000180014ba8     main_compatibility.obj
 0002:00000bc4       $unwind$GetMemoryMapHook   0000000180014bc4     main_compatibility.obj
 0002:00000bdc       $unwind$?PressAnyKey@@YAXXZ 0000000180014bdc     main_compatibility.obj
 0002:00000bf0       $unwind$EfiMain            0000000180014bf0     main_compatibility.obj
 0002:00000c00       $unwind$?RtlFindExportedRoutineByName@@YA_K_KPEBD@Z 0000000180014c00     main_compatibility.obj
 0002:00000c10       $unwind$?RtlImageNtHeaderExHook@@YA_KKPEAX_KPEA_K@Z 0000000180014c10     main_compatibility.obj
 0002:00000c2c       $unwind$?FindPattern@@YA_K_KPEAE1@Z 0000000180014c2c     utils.obj
 0002:00000c4c       $unwind$?FindPatternEx@@YAPEAXPEAE_K00@Z 0000000180014c4c     utils.obj
 0002:00000c60       $unwind$?pe_resolve_imports@@YAH_K0@Z 0000000180014c60     utils.obj
 0002:00000c7c       $unwind$?GetExportByName@@YA_K_KPEBD@Z 0000000180014c7c     utils.obj
 0002:00000c94       $unwind$?get_file_offset@@YAK_K0@Z 0000000180014c94     utils.obj
 0002:00000ca0       $unwind$?calculate_checksum@@YAKPEAXK@Z 0000000180014ca0     utils.obj
 0002:00000cb0       $xdatasym$memcpy           0000000180014cb0     ntoskrnl:memcpy.obj
 0002:00000cb0       $xdatasym$memset           0000000180014cb0     ntoskrnl:memset.obj
 0002:00000cb8       $xdatasym$__memset_repmovs 0000000180014cb8     ntoskrnl:memset.obj
 0002:00000cc8       $xdatasym$__memset_query   0000000180014cc8     ntoskrnl:memset.obj
 0002:00000cdc       $unwind$__cpu_features_init 0000000180014cdc     ntoskrnl:cpuinfo.obj
 0003:00000000       WPP_RECORDER_INITIALIZED   0000000180015000     mouse.obj
 0003:00000008       WPP_GLOBAL_Control         0000000180015008     mouse.obj
 0003:00000020       ?m_iOldIDEntIndex@netvars@cs2@@3HA 0000000180015020     cs2.obj
 0003:00000070       ?sdl_window@sdl@cs2@@3_KA  0000000180015070     cs2.obj
 0003:00000078       ?sdl_mouse@sdl@cs2@@3_KA   0000000180015078     cs2.obj
 0003:00000080       ?resource@interfaces@cs2@@3_KA 0000000180015080     cs2.obj
 0003:00000088       ?entity@interfaces@cs2@@3_KA 0000000180015088     cs2.obj
 0003:00000090       ?cvar@interfaces@cs2@@3_KA 0000000180015090     cs2.obj
 0003:00000098       ?input@interfaces@cs2@@3_KA 0000000180015098     cs2.obj
 0003:000000a0       ?player@interfaces@cs2@@3_KA 00000001800150a0     cs2.obj
 0003:000000a8       ?local_player@direct@cs2@@3_KA 00000001800150a8     cs2.obj
 0003:000000b0       ?view_angles@direct@cs2@@3_KA 00000001800150b0     cs2.obj
 0003:000000b8       ?view_matrix@direct@cs2@@3_KA 00000001800150b8     cs2.obj
 0003:000000c0       ?button_state@direct@cs2@@3KA 00000001800150c0     cs2.obj
 0003:000000c4       ?m_entitySpottedState@netvars@cs2@@3HA 00000001800150c4     cs2.obj
 0003:000000c8       ?previous_xy@direct@cs2@@3_KA 00000001800150c8     cs2.obj
 0003:000000d0       ?sensitivity@convars@cs2@@3_KA 00000001800150d0     cs2.obj
 0003:000000d8       ?mp_teammates_are_enemies@convars@cs2@@3_KA 00000001800150d8     cs2.obj
 0003:000000e0       ?cl_crosshairalpha@convars@cs2@@3_KA 00000001800150e0     cs2.obj
 0003:000000e8       ?m_bSpotted@netvars@cs2@@3HA 00000001800150e8     cs2.obj
 0003:000000ec       ?m_bSpottedByMask@netvars@cs2@@3HA 00000001800150ec     cs2.obj
 0003:000000f0       ?m_MoveType@netvars@cs2@@3HA 00000001800150f0     cs2.obj
 0003:000000f4       ?m_bInBuyZone@netvars@cs2@@3HA 00000001800150f4     cs2.obj
 0003:000000f8       ?m_bIsBuyMenuOpen@netvars@cs2@@3HA 00000001800150f8     cs2.obj
 0003:000000fc       ?m_flFOVSensitivityAdjust@netvars@cs2@@3HA 00000001800150fc     cs2.obj
 0003:00000100       ?m_pGameSceneNode@netvars@cs2@@3HA 0000000180015100     cs2.obj
 0003:00000104       ?m_iHealth@netvars@cs2@@3HA 0000000180015104     cs2.obj
 0003:00000108       ?m_fFlags@netvars@cs2@@3HA 0000000180015108     cs2.obj
 0003:0000010c       ?m_lifeState@netvars@cs2@@3HA 000000018001510c     cs2.obj
 0003:00000110       ?m_iTeamNum@netvars@cs2@@3HA 0000000180015110     cs2.obj
 0003:00000114       ?m_vecViewOffset@netvars@cs2@@3HA 0000000180015114     cs2.obj
 0003:00000118       ?m_vecOrigin@netvars@cs2@@3HA 0000000180015118     cs2.obj
 0003:0000011c       ?m_bDormant@netvars@cs2@@3HA 000000018001511c     cs2.obj
 0003:00000120       ?m_hPawn@netvars@cs2@@3HA  0000000180015120     cs2.obj
 0003:00000124       ?m_modelState@netvars@cs2@@3HA 0000000180015124     cs2.obj
 0003:00000128       ?m_aimPunchCache@netvars@cs2@@3HA 0000000180015128     cs2.obj
 0003:0000012c       ?m_iShotsFired@netvars@cs2@@3HA 000000018001512c     cs2.obj
 0003:00000130       ?m_iIDEntIndex@netvars@cs2@@3HA 0000000180015130     cs2.obj
 0003:00000134       ?m_vOldOrigin@netvars@cs2@@3HA 0000000180015134     cs2.obj
 0003:00000138       ?m_pClippingWeapon@netvars@cs2@@3HA 0000000180015138     cs2.obj
 0003:0000013c       ?v_angle@netvars@cs2@@3HA  000000018001513c     cs2.obj
 0003:00000140       ?m_bIsDefusing@netvars@cs2@@3HA 0000000180015140     cs2.obj
 0003:00000144       ?m_bPawnHasDefuser@netvars@cs2@@3HA 0000000180015144     cs2.obj
 0003:00000148       ?m_hActiveWeapon@netvars@cs2@@3HA 0000000180015148     cs2.obj
 0003:0000014c       ?m_pWeaponServices@netvars@cs2@@3HA 000000018001514c     cs2.obj
 0003:00000150       ?m_sSanitizedPlayerName@netvars@cs2@@3HA 0000000180015150     cs2.obj
 0003:00000154       ?offset@?1??get_current_ms@engine@cs2@@YAKXZ@4KA 0000000180015154     cs2.obj
 0003:00000158       ?$S1@?1??get_current_ms@engine@cs2@@YAKXZ@4IA 0000000180015158     cs2.obj
 0003:00000198       ?mouse_down_ms@features@cs2@@3KA 0000000180015198     cs2features.obj
 0003:0000019c       ?mouse_up_ms@features@cs2@@3KA 000000018001519c     cs2features.obj
 0003:000001a0       ?rcs_old_punch@features@cs2@@3Uvec2@@A 00000001800151a0     cs2features.obj
 0003:000001a8       ?lock_delay@features@cs2@@3KA 00000001800151a8     cs2features.obj
 0003:000001ac       ?locked@features@cs2@@3HA  00000001800151ac     cs2features.obj
 0003:000001b0       ?locked_onshot@features@cs2@@3HA 00000001800151b0     cs2features.obj
 0003:000001b4       ?aimbot_active@features@cs2@@3HA 00000001800151b4     cs2features.obj
 0003:000001b8       ?aimbot_target@features@cs2@@3_KA 00000001800151b8     cs2features.obj
 0003:000001c0       ?aimbot_bone@features@cs2@@3HA 00000001800151c0     cs2features.obj
 0003:000001c4       ?aimbot_ms@features@cs2@@3KA 00000001800151c4     cs2features.obj
 0003:000001c8       ?event_state@features@cs2@@3HA 00000001800151c8     cs2features.obj
 0003:000001cc       ?aimbot_visible_check@config@@3HA 00000001800151cc     cs2features.obj
 0003:000001d0       ?triggerbot_visible_check@config@@3HA 00000001800151d0     cs2features.obj
 0003:000001d4       ?visualize_hitbox@config@@3HA 00000001800151d4     cs2features.obj
 0003:000001d8       ?bhop@config@@3HA          00000001800151d8     cs2features.obj
 0003:000001dc       ?rcs@config@@3HA           00000001800151dc     cs2features.obj
 0003:000001e0       ?aimbot_enabled@config@@3HA 00000001800151e0     cs2features.obj
 0003:000001e4       ?aimbot_button@config@@3KA 00000001800151e4     cs2features.obj
 0003:000001e8       ?aimbot_fov@config@@3MA    00000001800151e8     cs2features.obj
 0003:000001ec       ?aimbot_smooth@config@@3MA 00000001800151ec     cs2features.obj
 0003:000001f0       ?aimbot_multibone@config@@3HA 00000001800151f0     cs2features.obj
 0003:000001f4       ?triggerbot_button@config@@3KA 00000001800151f4     cs2features.obj
 0003:000001f8       ?incrosstriggerbot_button@config@@3KA 00000001800151f8     cs2features.obj
 0003:000001fc       ?trigger_aim@config@@3HA   00000001800151fc     cs2features.obj
 0003:00000200       ?visuals_enabled@config@@3HA 0000000180015200     cs2features.obj
 0003:00000204       ?spotted_esp@config@@3HA   0000000180015204     cs2features.obj
 0003:00000228       ?m_ButtonState@input@csgo@@3KA 0000000180015228     csgo.obj
 0003:0000022c       ?m_nLastPollTick@input@csgo@@3KA 000000018001522c     csgo.obj
 0003:00000230       ?m_mouseRawAccum@input@csgo@@3KA 0000000180015230     csgo.obj
 0003:00000234       ?IInputSystem@csgo@@3KA    0000000180015234     csgo.obj
 0003:00000238       ?VEngineCvar@csgo@@3KA     0000000180015238     csgo.obj
 0003:0000023c       ?sensitivity@csgo@@3KA     000000018001523c     csgo.obj
 0003:00000240       ?cl_crosshairalpha@csgo@@3KA 0000000180015240     csgo.obj
 0003:00000244       ?net_graphproportionalfont@csgo@@3KA 0000000180015244     csgo.obj
 0003:00000248       ?mp_teammates_are_enemies@csgo@@3KA 0000000180015248     csgo.obj
 0003:0000024c       ?C_BasePlayer@csgo@@3KA    000000018001524c     csgo.obj
 0003:00000250       ?g_TeamCount@csgo@@3KA     0000000180015250     csgo.obj
 0003:00000254       ?g_Teams@csgo@@3KA         0000000180015254     csgo.obj
 0003:00000258       ?dwViewMatrix@csgo@@3KA    0000000180015258     csgo.obj
 0003:0000025c       ?dwScreenSize@csgo@@3KA    000000018001525c     csgo.obj
 0003:00000260       ?dwViewAngles@csgo@@3KA    0000000180015260     csgo.obj
 0003:00000264       ?VClientEntityList@csgo@@3KA 0000000180015264     csgo.obj
 0003:00000268       ?dwGetAllClasses@csgo@@3KA 0000000180015268     csgo.obj
 0003:0000026c       ?dwClientState@csgo@@3KA   000000018001526c     csgo.obj
 0003:00000270       ?g_pNetGraphPanel@csgo@@3KA 0000000180015270     csgo.obj
 0003:00000274       ?netvar_status@csgo@@3HA   0000000180015274     csgo.obj
 0003:00000278       ?m_iHealth@csgo@@3KA       0000000180015278     csgo.obj
 0003:0000027c       ?m_vecViewOffset@csgo@@3KA 000000018001527c     csgo.obj
 0003:00000280       ?m_lifeState@csgo@@3KA     0000000180015280     csgo.obj
 0003:00000284       ?m_vecPunch@csgo@@3KA      0000000180015284     csgo.obj
 0003:00000288       ?m_iFOV@csgo@@3KA          0000000180015288     csgo.obj
 0003:0000028c       ?m_vecOldViewAngles@csgo@@3KA 000000018001528c     csgo.obj
 0003:00000290       ?m_iTeamNum@csgo@@3KA      0000000180015290     csgo.obj
 0003:00000294       ?m_bSpottedByMask@csgo@@3KA 0000000180015294     csgo.obj
 0003:00000298       ?m_vecOrigin@csgo@@3KA     0000000180015298     csgo.obj
 0003:0000029c       ?m_hActiveWeapon@csgo@@3KA 000000018001529c     csgo.obj
 0003:000002a0       ?m_iShotsFired@csgo@@3KA   00000001800152a0     csgo.obj
 0003:000002a4       ?m_iCrossHairID@csgo@@3KA  00000001800152a4     csgo.obj
 0003:000002a8       ?m_bHasDefuser@csgo@@3KA   00000001800152a8     csgo.obj
 0003:000002ac       ?m_bIsDefusing@csgo@@3KA   00000001800152ac     csgo.obj
 0003:000002b0       ?m_dwBoneMatrix@csgo@@3KA  00000001800152b0     csgo.obj
 0003:000002b8       ?m_viewangles@features@csgo@@3Uvec2@@A 00000001800152b8     csgofeatures.obj
 0003:000002c0       ?m_rcs_old_punch@features@csgo@@3Uvec2@@A 00000001800152c0     csgofeatures.obj
 0003:000002c8       ?m_rcs_old_temp_punch_x@features@csgo@@3MA 00000001800152c8     csgofeatures.obj
 0003:000002cc       ?m_rcs_old_shots_fired@features@csgo@@3KA 00000001800152cc     csgofeatures.obj
 0003:000002d0       ?m_aimbot_old_temp_punch_x@features@csgo@@3MA 00000001800152d0     csgofeatures.obj
 0003:000002d4       ?m_aimbot_old_shots_fired@features@csgo@@3KA 00000001800152d4     csgofeatures.obj
 0003:000002d8       ?m_aimbot_active@features@csgo@@3HA 00000001800152d8     csgofeatures.obj
 0003:000002dc       ?m_previous_button@features@csgo@@3HA 00000001800152dc     csgofeatures.obj
 0003:000002e0       ?m_weapon_class@features@csgo@@3W4WEAPON_CLASS@2@A 00000001800152e0     csgofeatures.obj
 0003:000002e4       ?m_previous_target@features@csgo@@3KA 00000001800152e4     csgofeatures.obj
 0003:000002e8       ?m_previous_team@features@csgo@@3KA 00000001800152e8     csgofeatures.obj
 0003:000002ec       ?m_previous_tick@features@csgo@@3KA 00000001800152ec     csgofeatures.obj
 0003:000002f0       ?m_mouse_down_tick@features@csgo@@3_KA 00000001800152f0     csgofeatures.obj
 0003:000002f8       ?m_mouse_click_ticks@features@csgo@@3_KA 00000001800152f8     csgofeatures.obj
 0003:00000300       ?font_is_set@features@csgo@@3HA 0000000180015300     csgofeatures.obj
 0003:00000304       ?rcs@config@@3HA           0000000180015304     csgofeatures.obj
 0003:00000308       ?aimbot_enabled@config@@3HA 0000000180015308     csgofeatures.obj
 0003:0000030c       ?aimbot_button@config@@3KA 000000018001530c     csgofeatures.obj
 0003:00000310       ?aimbot_fov@config@@3MA    0000000180015310     csgofeatures.obj
 0003:00000314       ?aimbot_smooth@config@@3MA 0000000180015314     csgofeatures.obj
 0003:00000318       ?aimbot_multibone@config@@3HA 0000000180015318     csgofeatures.obj
 0003:0000031c       ?triggerbot_button@config@@3KA 000000018001531c     csgofeatures.obj
 0003:00000320       ?visuals_enabled@config@@3HA 0000000180015320     csgofeatures.obj
 0003:00000330       ?IClientEntityList@interfaces@apex@@3_KA 0000000180015330     apex.obj
 0003:00000338       ?cvar@interfaces@apex@@3_KA 0000000180015338     apex.obj
 0003:00000340       ?input@interfaces@apex@@3_KA 0000000180015340     apex.obj
 0003:00000348       ?engine@interfaces@apex@@3_KA 0000000180015348     apex.obj
 0003:00000350       ?window_info@interfaces@apex@@3_KA 0000000180015350     apex.obj
 0003:00000358       ?C_BasePlayer@direct@apex@@3_KA 0000000180015358     apex.obj
 0003:00000360       ?view_render@direct@apex@@3_KA 0000000180015360     apex.obj
 0003:00000368       ?view_matrix@direct@apex@@3_KA 0000000180015368     apex.obj
 0003:00000370       ?camera_origin@direct@apex@@3_KA 0000000180015370     apex.obj
 0003:00000378       ?sensitivity@convars@apex@@3_KA 0000000180015378     apex.obj
 0003:00000380       ?gamepad_aim_speed@convars@apex@@3_KA 0000000180015380     apex.obj
 0003:00000388       ?m_iHealth@netvars@apex@@3HA 0000000180015388     apex.obj
 0003:0000038c       ?m_iMaxHealth@netvars@apex@@3HA 000000018001538c     apex.obj
 0003:00000390       ?m_iViewAngles@netvars@apex@@3HA 0000000180015390     apex.obj
 0003:00000394       ?m_bZooming@netvars@apex@@3HA 0000000180015394     apex.obj
 0003:00000398       ?m_lifeState@netvars@apex@@3HA 0000000180015398     apex.obj
 0003:0000039c       ?m_iCameraAngles@netvars@apex@@3HA 000000018001539c     apex.obj
 0003:000003a0       ?m_iTeamNum@netvars@apex@@3HA 00000001800153a0     apex.obj
 0003:000003a4       ?m_iName@netvars@apex@@3HA 00000001800153a4     apex.obj
 0003:000003a8       ?m_vecAbsOrigin@netvars@apex@@3HA 00000001800153a8     apex.obj
 0003:000003ac       ?m_iWeapon@netvars@apex@@3HA 00000001800153ac     apex.obj
 0003:000003b0       ?m_iBoneMatrix@netvars@apex@@3HA 00000001800153b0     apex.obj
 0003:000003b4       ?m_playerData@netvars@apex@@3HA 00000001800153b4     apex.obj
 0003:000003b8       ?visible_time@netvars@apex@@3HA 00000001800153b8     apex.obj
 0003:000003bc       ?projectile_speed@netvars@apex@@3HA 00000001800153bc     apex.obj
 0003:000003c0       ?projectile_gravity@netvars@apex@@3HA 00000001800153c0     apex.obj
 0003:000003c4       ?init_status@?1??dump_netvars@apex@@YAH_K@Z@4HA 00000001800153c4     apex.obj
 0003:000003d0       ?b_aimbot_button@features@apex@@3HA 00000001800153d0     apexfeatures.obj
 0003:000003d4       ?firing_range@features@apex@@3HA 00000001800153d4     apexfeatures.obj
 0003:000003d8       ?aimbot_active@features@apex@@3HA 00000001800153d8     apexfeatures.obj
 0003:000003dc       ?aimbot_bone@features@apex@@3HA 00000001800153dc     apexfeatures.obj
 0003:000003e0       ?aimbot_target@features@apex@@3_KA 00000001800153e0     apexfeatures.obj
 0003:000003e8       ?aimbot_tick@features@apex@@3KA 00000001800153e8     apexfeatures.obj
 0003:000003ec       ?bullet_speed@features@apex@@3MA 00000001800153ec     apexfeatures.obj
 0003:000003f0       ?event_state@features@apex@@3HA 00000001800153f0     apexfeatures.obj
 0003:000003f4       ?aimbot_enabled@config@@3HA 00000001800153f4     apexfeatures.obj
 0003:000003f8       ?aimbot_button@config@@3KA 00000001800153f8     apexfeatures.obj
 0003:000003fc       ?aimbot_fov@config@@3MA    00000001800153fc     apexfeatures.obj
 0003:00000400       ?view_matrix@features@apex@@3Uview_matrix_t@@A 0000000180015400     apexfeatures.obj
 0003:00000440       ?aimbot_smooth@config@@3MA 0000000180015440     apexfeatures.obj
 0003:00000444       ?aimbot_multibone@config@@3HA 0000000180015444     apexfeatures.obj
 0003:00000448       ?visuals_enabled@config@@3HA 0000000180015448     apexfeatures.obj
 0005:0000032a       .idata$6                   000000018001732a     ntoskrnl:ntoskrnl.exe
